Archive member included because of file (symbol)

c:/program files (x86)/microchip/xc32/v2.30/bin/bin/../../lib/gcc/pic32mx/4.8.3/../../../../pic32mx/lib\libmchp_peripheral_32MX795F512L.a(pcache.o)
                              build/default/production/_ext/1472/main.o (CheKseg0CacheOn)
c:/program files (x86)/microchip/xc32/v2.30/bin/bin/../../lib/gcc/pic32mx/4.8.3/../../../../pic32mx/lib\libmchp_peripheral_32MX795F512L.a(int_disable_interrupts_lib.o)
                              build/default/production/_ext/1472/main.o (INTDisableInterrupts)
c:/program files (x86)/microchip/xc32/v2.30/bin/bin/../../lib/gcc/pic32mx/4.8.3/../../../../pic32mx/lib\libmchp_peripheral_32MX795F512L.a(int_restore_interrupts_lib.o)
                              build/default/production/_ext/1472/main.o (INTRestoreInterrupts)
c:/program files (x86)/microchip/xc32/v2.30/bin/bin/../../lib/gcc/pic32mx/4.8.3/../../../../pic32mx/lib\libmchp_peripheral_32MX795F512L.a(int_enable_mv_int_lib.o)
                              build/default/production/_ext/1472/main.o (INTEnableSystemMultiVectoredInt)
c:/program files (x86)/microchip/xc32/v2.30/bin/bin/../../lib/gcc/pic32mx/4.8.3/../../../../pic32mx/lib\libmchp_peripheral_32MX795F512L.a(int_tbl_lib.o)
                              build/default/production/_ext/1472/screen.o (INTClearFlag)
c:/program files (x86)/microchip/xc32/v2.30/bin/bin/../../lib/gcc/pic32mx/4.8.3/../../../../pic32mx/lib\libmchp_peripheral_32MX795F512L.a(dma_chn_set_ev_enable_flags_lib.o)
                              build/default/production/_ext/1472/screen.o (DmaChnSetEvEnableFlags)
c:/program files (x86)/microchip/xc32/v2.30/bin/bin/../../lib/gcc/pic32mx/4.8.3/../../../../pic32mx/lib\libmchp_peripheral_32MX795F512L.a(dma_chn_open_lib.o)
                              build/default/production/_ext/1472/screen.o (DmaChnOpen)
c:/program files (x86)/microchip/xc32/v2.30/bin/bin/../../lib/gcc/pic32mx/4.8.3/../../../../pic32mx/lib\libmchp_peripheral_32MX795F512L.a(dma_chn_enable_lib.o)
                              build/default/production/_ext/1472/screen.o (DmaChnEnable)
c:/program files (x86)/microchip/xc32/v2.30/bin/bin/../../lib/gcc/pic32mx/4.8.3/../../../../pic32mx/lib\libmchp_peripheral_32MX795F512L.a(dma_chn_get_ev_flags_lib.o)
                              build/default/production/_ext/1472/screen.o (DmaChnGetEvFlags)
c:/program files (x86)/microchip/xc32/v2.30/bin/bin/../../lib/gcc/pic32mx/4.8.3/../../../../pic32mx/lib\libmchp_peripheral_32MX795F512L.a(dma_chn_write_event_control_flags_lib.o)
                              build/default/production/_ext/1472/screen.o (DmaChnWriteEventControlFlags)
c:/program files (x86)/microchip/xc32/v2.30/bin/bin/../../lib/gcc/pic32mx/4.8.3/../../../../pic32mx/lib\libmchp_peripheral_32MX795F512L.a(dma_chn_set_match_pattern_lib.o)
                              build/default/production/_ext/1472/screen.o (DmaChnSetMatchPattern)
c:/program files (x86)/microchip/xc32/v2.30/bin/bin/../../lib/gcc/pic32mx/4.8.3/../../../../pic32mx/lib\libmchp_peripheral_32MX795F512L.a(dma_chn_set_txfer_lib.o)
                              build/default/production/_ext/1472/screen.o (DmaChnSetTxfer)
c:/program files (x86)/microchip/xc32/v2.30/bin/bin/../../lib/gcc/pic32mx/4.8.3/../../../../pic32mx/lib\libmchp_peripheral_32MX795F512L.a(dma_reg_map_tbl_lib.o)
                              c:/program files (x86)/microchip/xc32/v2.30/bin/bin/../../lib/gcc/pic32mx/4.8.3/../../../../pic32mx/lib\libmchp_peripheral_32MX795F512L.a(dma_chn_set_ev_enable_flags_lib.o) (_DmaMapTbl)
c:/program files (x86)/microchip/xc32/v2.30/bin/bin/../../lib/gcc/pic32mx/4.8.3/../../../../pic32mx/lib\libmchp_peripheral_32MX795F512L.a(port_set_pins_digital_in_lib.o)
                              build/default/production/_ext/1472/DisplayMCU.o (PORTSetPinsDigitalIn)
c:/program files (x86)/microchip/xc32/v2.30/bin/bin/../../lib/gcc/pic32mx/4.8.3/../../../../pic32mx/lib\libmchp_peripheral_32MX795F512L.a(port_set_pins_digital_out_lib.o)
                              build/default/production/_ext/1472/DisplayMCU.o (PORTSetPinsDigitalOut)
c:/program files (x86)/microchip/xc32/v2.30/bin/bin/../../lib/gcc/pic32mx/4.8.3/../../../../pic32mx/lib\libmchp_peripheral_32MX795F512L.a(port_read_bits_lib.o)
                              build/default/production/_ext/1472/motors.o (PORTReadBits)
c:/program files (x86)/microchip/xc32/v2.30/bin/bin/../../lib/gcc/pic32mx/4.8.3/../../../../pic32mx/lib\libmchp_peripheral_32MX795F512L.a(port_clear_bits_lib.o)
                              build/default/production/_ext/1472/hardware.o (PORTClearBits)
c:/program files (x86)/microchip/xc32/v2.30/bin/bin/../../lib/gcc/pic32mx/4.8.3/../../../../pic32mx/lib\libmchp_peripheral_32MX795F512L.a(port_toggle_bits_lib.o)
                              build/default/production/_ext/1472/hardware.o (PORTToggleBits)
[...]
Memory Configuration

Name             Origin             Length             Attributes
kseg0_program_mem 0x9d000000         0x00080000         xr
kseg0_boot_mem   0x9fc00490         0x00000970
exception_mem    0x9fc01000         0x00001000
kseg1_boot_mem   0xbfc00000         0x00000490
debug_exec_mem   0xbfc02000         0x00000ff0
config3          0xbfc02ff0         0x00000004
config2          0xbfc02ff4         0x00000004
config1          0xbfc02ff8         0x00000004
config0          0xbfc02ffc         0x00000004
kseg1_data_mem   0xa0000000         0x00020000         w !x
sfrs             0xbf800000         0x00100000
configsfrs       0xbfc02ff0         0x00000010
*default*        0x00000000         0xffffffff

Linker script and memory map

LOAD c:/program files (x86)/microchip/xc32/v2.30/bin/bin/../../lib/gcc/pic32mx/4.8.3/../../../../pic32mx/lib\debug-exception-return.o
LOAD build/default/production/_ext/1472/DisplayEVE.o
LOAD build/default/production/_ext/1472/DisplayMCU.o
LOAD build/default/production/_ext/1472/I2CLib.o
LOAD build/default/production/_ext/1472/main.o
LOAD build/default/production/_ext/1472/DisplayAPP.o
LOAD build/default/production/_ext/1472/DisplayAPI.o
LOAD build/default/production/_ext/1472/potentiometer.o
LOAD build/default/production/_ext/1472/motors.o
LOAD build/default/production/_ext/1472/accelerometer.o
LOAD build/default/production/_ext/1472/temp_humidity.o
LOAD build/default/production/_ext/1472/GPS.o
LOAD build/default/production/_ext/1472/hardware.o
LOAD build/default/production/_ext/1472/screen.o
                0x00000001                __MPLAB_BUILD = 0x1
                0x00000400                _min_heap_size = 0x400
LOAD C:\Users\heis0741\AppData\Local\Temp\ccgUSEFz.o
LOAD C:\Users\heis0741\AppData\Local\Temp\ccDtgKq5.o
LOAD C:\Users\heis0741\AppData\Local\Temp\ccfvtkP6.o
LOAD c:/program files (x86)/microchip/xc32/v2.30/bin/bin/../../lib/gcc/pic32mx/4.8.3/../../../../pic32mx/lib\pic32_software_reset.o
                0x00000400                PROVIDE (_min_stack_size, 0x400)
START GROUP
LOAD c:/program files (x86)/microchip/xc32/v2.30/bin/bin/../../lib/gcc/pic32mx/4.8.3/../../../../pic32mx/lib/./proc/32MX795F512L\processor.o
END GROUP
START GROUP
LOAD c:/program files (x86)/microchip/xc32/v2.30/bin/bin/../../lib/gcc/pic32mx/4.8.3/../../../../pic32mx/lib\libmchp_peripheral.a
END GROUP
START GROUP
LOAD c:/program files (x86)/microchip/xc32/v2.30/bin/bin/../../lib/gcc/pic32mx/4.8.3/../../../../pic32mx/lib\libmchp_peripheral_32MX795F512L.a
END GROUP
                0x00000001                PROVIDE (_vector_spacing, 0x1)
                0x9fc01000                PROVIDE (_ebase_address, 0x9fc01000)
                0xbfc00000                _RESET_ADDR = 0xbfc00000
                0xbfc00380                _BEV_EXCPT_ADDR = 0xbfc00380
                0xbfc00480                _DBG_EXCPT_ADDR = 0xbfc00480
                0xbfc02000                _DBG_CODE_ADDR = 0xbfc02000
                0x00000ff0                _DBG_CODE_SIZE = 0xff0
                0x9fc01180                _GEN_EXCPT_ADDR = (_ebase_address + 0x180)

.config_BFC02FF0
                0xbfc02ff0        0x4
 *(.config_BFC02FF0)
 .config_BFC02FF0
                0xbfc02ff0        0x4 build/default/production/_ext/1472/main.o

.config_BFC02FF4
                0xbfc02ff4        0x4
 *(.config_BFC02FF4)
 .config_BFC02FF4
                0xbfc02ff4        0x4 build/default/production/_ext/1472/main.o

.config_BFC02FF8
                0xbfc02ff8        0x4
 *(.config_BFC02FF8)
 .config_BFC02FF8
                0xbfc02ff8        0x4 build/default/production/_ext/1472/main.o

.config_BFC02FFC
                0xbfc02ffc        0x4
 *(.config_BFC02FFC)
 .config_BFC02FFC
                0xbfc02ffc        0x4 build/default/production/_ext/1472/main.o
                0xbfc02000                PROVIDE (_DBG_CODE_ADDR, 0xbfc02000)
                0x00000ff0                PROVIDE (_DBG_CODE_SIZE, 0xff0)

.reset          0xbfc00000      0x19c
 *(.reset)
 .reset         0xbfc00000        0x8 C:\Users\heis0741\AppData\Local\Temp\ccgUSEFz.o
                0xbfc00000                _reset
 *(.reset.startup)
 .reset.startup
                0xbfc00008      0x194 C:\Users\heis0741\AppData\Local\Temp\ccgUSEFz.o
                0xbfc00008                _startup

.bev_excpt      0xbfc00380       0x10
 *(.bev_handler)
 .bev_handler   0xbfc00380       0x10 C:\Users\heis0741\AppData\Local\Temp\ccgUSEFz.o

.dbg_excpt      0xbfc00480        0x0
                0xbfc00480                . = (. + DEFINED (_DEBUGGER)?0x8:0x0)

.dbg_code       0xbfc02000        0x0
                0xbfc02000                . = (. + DEFINED (_DEBUGGER)?_DBG_CODE_SIZE:0x0)

.app_excpt      0x9fc01180       0x10
 *(.gen_handler)
 .gen_handler   0x9fc01180       0x10 C:\Users\heis0741\AppData\Local\Temp\ccgUSEFz.o

.vector_0       0x9fc01200        0x8
 *(.vector_0)
 .vector_0      0x9fc01200        0x8 c:/program files (x86)/microchip/xc32/v2.30/bin/bin/../../lib/gcc/pic32mx/4.8.3/../../../../pic32mx/lib\libpic32.a(vector0.o)
                0x9fc01200                __vector_dispatch_0
                0x00000001                ASSERT (((_vector_spacing == 0x0) || (SIZEOF (.vector_0) <= (_vector_spacing << 0x5))), function at exception vector 0 too large)

.vector_1       0x9fc01220        0x8
 *(.vector_1)
 .vector_1      0x9fc01220        0x8 c:/program files (x86)/microchip/xc32/v2.30/bin/bin/../../lib/gcc/pic32mx/4.8.3/../../../../pic32mx/lib\libpic32.a(vector1.o)
                0x9fc01220                __vector_dispatch_1
                0x00000001                ASSERT (((_vector_spacing == 0x0) || (SIZEOF (.vector_1) <= (_vector_spacing << 0x5))), function at exception vector 1 too large)

.vector_2       0x9fc01240        0x8
 *(.vector_2)
 .vector_2      0x9fc01240        0x8 c:/program files (x86)/microchip/xc32/v2.30/bin/bin/../../lib/gcc/pic32mx/4.8.3/../../../../pic32mx/lib\libpic32.a(vector2.o)
                0x9fc01240                __vector_dispatch_2
                0x00000001                ASSERT (((_vector_spacing == 0x0) || (SIZEOF (.vector_2) <= (_vector_spacing << 0x5))), function at exception vector 2 too large)

.vector_3       0x9fc01260        0x8
 *(.vector_3)
 .vector_3      0x9fc01260        0x8 c:/program files (x86)/microchip/xc32/v2.30/bin/bin/../../lib/gcc/pic32mx/4.8.3/../../../../pic32mx/lib\libpic32.a(vector3.o)
                0x9fc01260                __vector_dispatch_3
                0x00000001                ASSERT (((_vector_spacing == 0x0) || (SIZEOF (.vector_3) <= (_vector_spacing << 0x5))), function at exception vector 3 too large)

.vector_4       0x9fc01280        0x8
 *(.vector_4)
 .vector_4      0x9fc01280        0x8 c:/program files (x86)/microchip/xc32/v2.30/bin/bin/../../lib/gcc/pic32mx/4.8.3/../../../../pic32mx/lib\libpic32.a(vector4.o)
                0x9fc01280                __vector_dispatch_4
                0x00000001                ASSERT (((_vector_spacing == 0x0) || (SIZEOF (.vector_4) <= (_vector_spacing << 0x5))), function at exception vector 4 too large)

.vector_5       0x9fc012a0        0x8
 *(.vector_5)
 .vector_5      0x9fc012a0        0x8 c:/program files (x86)/microchip/xc32/v2.30/bin/bin/../../lib/gcc/pic32mx/4.8.3/../../../../pic32mx/lib\libpic32.a(vector5.o)
                0x9fc012a0                __vector_dispatch_5
                0x00000001                ASSERT (((_vector_spacing == 0x0) || (SIZEOF (.vector_5) <= (_vector_spacing << 0x5))), function at exception vector 5 too large)

.vector_6       0x9fc012c0        0x8
 *(.vector_6)
 .vector_6      0x9fc012c0        0x8 c:/program files (x86)/microchip/xc32/v2.30/bin/bin/../../lib/gcc/pic32mx/4.8.3/../../../../pic32mx/lib\libpic32.a(vector6.o)
                0x9fc012c0                __vector_dispatch_6
                0x00000001                ASSERT (((_vector_spacing == 0x0) || (SIZEOF (.vector_6) <= (_vector_spacing << 0x5))), function at exception vector 6 too large)

.vector_7       0x9fc012e0        0x8
 *(.vector_7)
 .vector_7      0x9fc012e0        0x8 build/default/production/_ext/1472/motors.o
                0x9fc012e0                __vector_dispatch_7
                0x00000001                ASSERT (((_vector_spacing == 0x0) || (SIZEOF (.vector_7) <= (_vector_spacing << 0x5))), function at exception vector 7 too large)

.vector_8       0x9fc01300        0x8
 *(.vector_8)
 .vector_8      0x9fc01300        0x8 build/default/production/_ext/1472/motors.o
                0x9fc01300                __vector_dispatch_8
                0x00000001                ASSERT (((_vector_spacing == 0x0) || (SIZEOF (.vector_8) <= (_vector_spacing << 0x5))), function at exception vector 8 too large)

.vector_9       0x9fc01320        0x8
 *(.vector_9)
 .vector_9      0x9fc01320        0x8 c:/program files (x86)/microchip/xc32/v2.30/bin/bin/../../lib/gcc/pic32mx/4.8.3/../../../../pic32mx/lib\libpic32.a(vector9.o)
                0x9fc01320                __vector_dispatch_9
                0x00000001                ASSERT (((_vector_spacing == 0x0) || (SIZEOF (.vector_9) <= (_vector_spacing << 0x5))), function at exception vector 9 too large)

.vector_10      0x9fc01340        0x8
 *(.vector_10)
 .vector_10     0x9fc01340        0x8 c:/program files (x86)/microchip/xc32/v2.30/bin/bin/../../lib/gcc/pic32mx/4.8.3/../../../../pic32mx/lib\libpic32.a(vector10.o)
                0x9fc01340                __vector_dispatch_10
                0x00000001                ASSERT (((_vector_spacing == 0x0) || (SIZEOF (.vector_10) <= (_vector_spacing << 0x5))), function at exception vector 10 too large)

.vector_11      0x9fc01360        0x8
 *(.vector_11)
 .vector_11     0x9fc01360        0x8 c:/program files (x86)/microchip/xc32/v2.30/bin/bin/../../lib/gcc/pic32mx/4.8.3/../../../../pic32mx/lib\libpic32.a(vector11.o)
                0x9fc01360                __vector_dispatch_11
                0x00000001                ASSERT (((_vector_spacing == 0x0) || (SIZEOF (.vector_11) <= (_vector_spacing << 0x5))), function at exception vector 11 too large)

.vector_12      0x9fc01380        0x8
 *(.vector_12)
 .vector_12     0x9fc01380        0x8 build/default/production/_ext/1472/potentiometer.o
                0x9fc01380                __vector_dispatch_12
                0x00000001                ASSERT (((_vector_spacing == 0x0) || (SIZEOF (.vector_12) <= (_vector_spacing << 0x5))), function at exception vector 12 too large)

.vector_13      0x9fc013a0        0x8
 *(.vector_13)
 .vector_13     0x9fc013a0        0x8 c:/program files (x86)/microchip/xc32/v2.30/bin/bin/../../lib/gcc/pic32mx/4.8.3/../../../../pic32mx/lib\libpic32.a(vector13.o)
                0x9fc013a0                __vector_dispatch_13
                0x00000001                ASSERT (((_vector_spacing == 0x0) || (SIZEOF (.vector_13) <= (_vector_spacing << 0x5))), function at exception vector 13 too large)

.vector_14      0x9fc013c0        0x8
 *(.vector_14)
 .vector_14     0x9fc013c0        0x8 c:/program files (x86)/microchip/xc32/v2.30/bin/bin/../../lib/gcc/pic32mx/4.8.3/../../../../pic32mx/lib\libpic32.a(vector14.o)
                0x9fc013c0                __vector_dispatch_14
                0x00000001                ASSERT (((_vector_spacing == 0x0) || (SIZEOF (.vector_14) <= (_vector_spacing << 0x5))), function at exception vector 14 too large)

.vector_15      0x9fc013e0        0x8
 *(.vector_15)
 .vector_15     0x9fc013e0        0x8 c:/program files (x86)/microchip/xc32/v2.30/bin/bin/../../lib/gcc/pic32mx/4.8.3/../../../../pic32mx/lib\libpic32.a(vector15.o)
                0x9fc013e0                __vector_dispatch_15
                0x00000001                ASSERT (((_vector_spacing == 0x0) || (SIZEOF (.vector_15) <= (_vector_spacing << 0x5))), function at exception vector 15 too large)

.vector_16      0x9fc01400        0x8
 *(.vector_16)
 .vector_16     0x9fc01400        0x8 c:/program files (x86)/microchip/xc32/v2.30/bin/bin/../../lib/gcc/pic32mx/4.8.3/../../../../pic32mx/lib\libpic32.a(vector16.o)
                0x9fc01400                __vector_dispatch_16
                0x00000001                ASSERT (((_vector_spacing == 0x0) || (SIZEOF (.vector_16) <= (_vector_spacing << 0x5))), function at exception vector 16 too large)

.vector_17      0x9fc01420        0x8
 *(.vector_17)
 .vector_17     0x9fc01420        0x8 c:/program files (x86)/microchip/xc32/v2.30/bin/bin/../../lib/gcc/pic32mx/4.8.3/../../../../pic32mx/lib\libpic32.a(vector17.o)
                0x9fc01420                __vector_dispatch_17
                0x00000001                ASSERT (((_vector_spacing == 0x0) || (SIZEOF (.vector_17) <= (_vector_spacing << 0x5))), function at exception vector 17 too large)

.vector_18      0x9fc01440        0x8
 *(.vector_18)
 .vector_18     0x9fc01440        0x8 c:/program files (x86)/microchip/xc32/v2.30/bin/bin/../../lib/gcc/pic32mx/4.8.3/../../../../pic32mx/lib\libpic32.a(vector18.o)
                0x9fc01440                __vector_dispatch_18
                0x00000001                ASSERT (((_vector_spacing == 0x0) || (SIZEOF (.vector_18) <= (_vector_spacing << 0x5))), function at exception vector 18 too large)

.vector_19      0x9fc01460        0x8
 *(.vector_19)
 .vector_19     0x9fc01460        0x8 c:/program files (x86)/microchip/xc32/v2.30/bin/bin/../../lib/gcc/pic32mx/4.8.3/../../../../pic32mx/lib\libpic32.a(vector19.o)
                0x9fc01460                __vector_dispatch_19
                0x00000001                ASSERT (((_vector_spacing == 0x0) || (SIZEOF (.vector_19) <= (_vector_spacing << 0x5))), function at exception vector 19 too large)

.vector_20      0x9fc01480        0x8
 *(.vector_20)
 .vector_20     0x9fc01480        0x8 c:/program files (x86)/microchip/xc32/v2.30/bin/bin/../../lib/gcc/pic32mx/4.8.3/../../../../pic32mx/lib\libpic32.a(vector20.o)
                0x9fc01480                __vector_dispatch_20
                0x00000001                ASSERT (((_vector_spacing == 0x0) || (SIZEOF (.vector_20) <= (_vector_spacing << 0x5))), function at exception vector 20 too large)

.vector_21      0x9fc014a0        0x8
 *(.vector_21)
 .vector_21     0x9fc014a0        0x8 c:/program files (x86)/microchip/xc32/v2.30/bin/bin/../../lib/gcc/pic32mx/4.8.3/../../../../pic32mx/lib\libpic32.a(vector21.o)
                0x9fc014a0                __vector_dispatch_21
                0x00000001                ASSERT (((_vector_spacing == 0x0) || (SIZEOF (.vector_21) <= (_vector_spacing << 0x5))), function at exception vector 21 too large)

.vector_22      0x9fc014c0        0x8
 *(.vector_22)
 .vector_22     0x9fc014c0        0x8 c:/program files (x86)/microchip/xc32/v2.30/bin/bin/../../lib/gcc/pic32mx/4.8.3/../../../../pic32mx/lib\libpic32.a(vector22.o)
                0x9fc014c0                __vector_dispatch_22
                0x00000001                ASSERT (((_vector_spacing == 0x0) || (SIZEOF (.vector_22) <= (_vector_spacing << 0x5))), function at exception vector 22 too large)

.vector_23      0x9fc014e0        0x8
 *(.vector_23)
 .vector_23     0x9fc014e0        0x8 build/default/production/_ext/1472/DisplayMCU.o
                0x9fc014e0                __vector_dispatch_23
                0x00000001                ASSERT (((_vector_spacing == 0x0) || (SIZEOF (.vector_23) <= (_vector_spacing << 0x5))), function at exception vector 23 too large)

.vector_24      0x9fc01500        0x8
 *(.vector_24)
 .vector_24     0x9fc01500        0x8 c:/program files (x86)/microchip/xc32/v2.30/bin/bin/../../lib/gcc/pic32mx/4.8.3/../../../../pic32mx/lib\libpic32.a(vector24.o)
                0x9fc01500                __vector_dispatch_24
                0x00000001                ASSERT (((_vector_spacing == 0x0) || (SIZEOF (.vector_24) <= (_vector_spacing << 0x5))), function at exception vector 24 too large)

.vector_25      0x9fc01520        0x8
 *(.vector_25)
 .vector_25     0x9fc01520        0x8 c:/program files (x86)/microchip/xc32/v2.30/bin/bin/../../lib/gcc/pic32mx/4.8.3/../../../../pic32mx/lib\libpic32.a(vector25.o)
                0x9fc01520                __vector_dispatch_25
                0x00000001                ASSERT (((_vector_spacing == 0x0) || (SIZEOF (.vector_25) <= (_vector_spacing << 0x5))), function at exception vector 25 too large)

.vector_26      0x9fc01540        0x8
 *(.vector_26)
 .vector_26     0x9fc01540        0x8 c:/program files (x86)/microchip/xc32/v2.30/bin/bin/../../lib/gcc/pic32mx/4.8.3/../../../../pic32mx/lib\libpic32.a(vector26.o)
                0x9fc01540                __vector_dispatch_26
                0x00000001                ASSERT (((_vector_spacing == 0x0) || (SIZEOF (.vector_26) <= (_vector_spacing << 0x5))), function at exception vector 26 too large)

.vector_27      0x9fc01560        0x8
 *(.vector_27)
 .vector_27     0x9fc01560        0x8 c:/program files (x86)/microchip/xc32/v2.30/bin/bin/../../lib/gcc/pic32mx/4.8.3/../../../../pic32mx/lib\libpic32.a(vector27.o)
                0x9fc01560                __vector_dispatch_27
                0x00000001                ASSERT (((_vector_spacing == 0x0) || (SIZEOF (.vector_27) <= (_vector_spacing << 0x5))), function at exception vector 27 too large)

.vector_28      0x9fc01580        0x8
 *(.vector_28)
 .vector_28     0x9fc01580        0x8 c:/program files (x86)/microchip/xc32/v2.30/bin/bin/../../lib/gcc/pic32mx/4.8.3/../../../../pic32mx/lib\libpic32.a(vector28.o)
                0x9fc01580                __vector_dispatch_28
                0x00000001                ASSERT (((_vector_spacing == 0x0) || (SIZEOF (.vector_28) <= (_vector_spacing << 0x5))), function at exception vector 28 too large)

.vector_29      0x9fc015a0        0x8
 *(.vector_29)
 .vector_29     0x9fc015a0        0x8 c:/program files (x86)/microchip/xc32/v2.30/bin/bin/../../lib/gcc/pic32mx/4.8.3/../../../../pic32mx/lib\libpic32.a(vector29.o)
                0x9fc015a0                __vector_dispatch_29
                0x00000001                ASSERT (((_vector_spacing == 0x0) || (SIZEOF (.vector_29) <= (_vector_spacing << 0x5))), function at exception vector 29 too large)

.vector_30      0x9fc015c0        0x8
 *(.vector_30)
 .vector_30     0x9fc015c0        0x8 c:/program files (x86)/microchip/xc32/v2.30/bin/bin/../../lib/gcc/pic32mx/4.8.3/../../../../pic32mx/lib\libpic32.a(vector30.o)
                0x9fc015c0                __vector_dispatch_30
                0x00000001                ASSERT (((_vector_spacing == 0x0) || (SIZEOF (.vector_30) <= (_vector_spacing << 0x5))), function at exception vector 30 too large)

.vector_31      0x9fc015e0        0x8
 *(.vector_31)
 .vector_31     0x9fc015e0        0x8 c:/program files (x86)/microchip/xc32/v2.30/bin/bin/../../lib/gcc/pic32mx/4.8.3/../../../../pic32mx/lib\libpic32.a(vector31.o)
                0x9fc015e0                __vector_dispatch_31
                0x00000001                ASSERT (((_vector_spacing == 0x0) || (SIZEOF (.vector_31) <= (_vector_spacing << 0x5))), function at exception vector 31 too large)

.vector_32      0x9fc01600        0x8
 *(.vector_32)
 .vector_32     0x9fc01600        0x8 c:/program files (x86)/microchip/xc32/v2.30/bin/bin/../../lib/gcc/pic32mx/4.8.3/../../../../pic32mx/lib\libpic32.a(vector32.o)
                0x9fc01600                __vector_dispatch_32
                0x00000001                ASSERT (((_vector_spacing == 0x0) || (SIZEOF (.vector_32) <= (_vector_spacing << 0x5))), function at exception vector 32 too large)

.vector_33      0x9fc01620        0x8
 *(.vector_33)
 .vector_33     0x9fc01620        0x8 c:/program files (x86)/microchip/xc32/v2.30/bin/bin/../../lib/gcc/pic32mx/4.8.3/../../../../pic32mx/lib\libpic32.a(vector33.o)
                0x9fc01620                __vector_dispatch_33
                0x00000001                ASSERT (((_vector_spacing == 0x0) || (SIZEOF (.vector_33) <= (_vector_spacing << 0x5))), function at exception vector 33 too large)

.vector_34      0x9fc01640        0x8
 *(.vector_34)
 .vector_34     0x9fc01640        0x8 c:/program files (x86)/microchip/xc32/v2.30/bin/bin/../../lib/gcc/pic32mx/4.8.3/../../../../pic32mx/lib\libpic32.a(vector34.o)
                0x9fc01640                __vector_dispatch_34
                0x00000001                ASSERT (((_vector_spacing == 0x0) || (SIZEOF (.vector_34) <= (_vector_spacing << 0x5))), function at exception vector 34 too large)

.vector_35      0x9fc01660        0x8
 *(.vector_35)
 .vector_35     0x9fc01660        0x8 c:/program files (x86)/microchip/xc32/v2.30/bin/bin/../../lib/gcc/pic32mx/4.8.3/../../../../pic32mx/lib\libpic32.a(vector35.o)
                0x9fc01660                __vector_dispatch_35
                0x00000001                ASSERT (((_vector_spacing == 0x0) || (SIZEOF (.vector_35) <= (_vector_spacing << 0x5))), function at exception vector 35 too large)

.vector_36      0x9fc01680        0x8
 *(.vector_36)
 .vector_36     0x9fc01680        0x8 c:/program files (x86)/microchip/xc32/v2.30/bin/bin/../../lib/gcc/pic32mx/4.8.3/../../../../pic32mx/lib\libpic32.a(vector36.o)
                0x9fc01680                __vector_dispatch_36
                0x00000001                ASSERT (((_vector_spacing == 0x0) || (SIZEOF (.vector_36) <= (_vector_spacing << 0x5))), function at exception vector 36 too large)

.vector_37      0x9fc016a0        0x8
 *(.vector_37)
 .vector_37     0x9fc016a0        0x8 build/default/production/_ext/1472/screen.o
                0x9fc016a0                __vector_dispatch_37
                0x00000001                ASSERT (((_vector_spacing == 0x0) || (SIZEOF (.vector_37) <= (_vector_spacing << 0x5))), function at exception vector 37 too large)

.vector_38      0x9fc016c0        0x8
 *(.vector_38)
 .vector_38     0x9fc016c0        0x8 c:/program files (x86)/microchip/xc32/v2.30/bin/bin/../../lib/gcc/pic32mx/4.8.3/../../../../pic32mx/lib\libpic32.a(vector38.o)
                0x9fc016c0                __vector_dispatch_38
                0x00000001                ASSERT (((_vector_spacing == 0x0) || (SIZEOF (.vector_38) <= (_vector_spacing << 0x5))), function at exception vector 38 too large)

.vector_39      0x9fc016e0        0x8
 *(.vector_39)
 .vector_39     0x9fc016e0        0x8 c:/program files (x86)/microchip/xc32/v2.30/bin/bin/../../lib/gcc/pic32mx/4.8.3/../../../../pic32mx/lib\libpic32.a(vector39.o)
                0x9fc016e0                __vector_dispatch_39
                0x00000001                ASSERT (((_vector_spacing == 0x0) || (SIZEOF (.vector_39) <= (_vector_spacing << 0x5))), function at exception vector 39 too large)

.vector_40      0x9fc01700        0x8
 *(.vector_40)
 .vector_40     0x9fc01700        0x8 c:/program files (x86)/microchip/xc32/v2.30/bin/bin/../../lib/gcc/pic32mx/4.8.3/../../../../pic32mx/lib\libpic32.a(vector40.o)
                0x9fc01700                __vector_dispatch_40
                0x00000001                ASSERT (((_vector_spacing == 0x0) || (SIZEOF (.vector_40) <= (_vector_spacing << 0x5))), function at exception vector 40 too large)

.vector_41      0x9fc01720        0x8
 *(.vector_41)
 .vector_41     0x9fc01720        0x8 c:/program files (x86)/microchip/xc32/v2.30/bin/bin/../../lib/gcc/pic32mx/4.8.3/../../../../pic32mx/lib\libpic32.a(vector41.o)
                0x9fc01720                __vector_dispatch_41
                0x00000001                ASSERT (((_vector_spacing == 0x0) || (SIZEOF (.vector_41) <= (_vector_spacing << 0x5))), function at exception vector 41 too large)

.vector_42      0x9fc01740        0x8
 *(.vector_42)
 .vector_42     0x9fc01740        0x8 c:/program files (x86)/microchip/xc32/v2.30/bin/bin/../../lib/gcc/pic32mx/4.8.3/../../../../pic32mx/lib\libpic32.a(vector42.o)
                0x9fc01740                __vector_dispatch_42
                0x00000001                ASSERT (((_vector_spacing == 0x0) || (SIZEOF (.vector_42) <= (_vector_spacing << 0x5))), function at exception vector 42 too large)

.vector_43      0x9fc01760        0x8
 *(.vector_43)
 .vector_43     0x9fc01760        0x8 c:/program files (x86)/microchip/xc32/v2.30/bin/bin/../../lib/gcc/pic32mx/4.8.3/../../../../pic32mx/lib\libpic32.a(vector43.o)
                0x9fc01760                __vector_dispatch_43
                0x00000001                ASSERT (((_vector_spacing == 0x0) || (SIZEOF (.vector_43) <= (_vector_spacing << 0x5))), function at exception vector 43 too large)

.vector_44      0x9fc01780        0x8
 *(.vector_44)
 .vector_44     0x9fc01780        0x8 c:/program files (x86)/microchip/xc32/v2.30/bin/bin/../../lib/gcc/pic32mx/4.8.3/../../../../pic32mx/lib\libpic32.a(vector44.o)
                0x9fc01780                __vector_dispatch_44
                0x00000001                ASSERT (((_vector_spacing == 0x0) || (SIZEOF (.vector_44) <= (_vector_spacing << 0x5))), function at exception vector 44 too large)

.vector_45      0x9fc017a0        0x8
 *(.vector_45)
 .vector_45     0x9fc017a0        0x8 c:/program files (x86)/microchip/xc32/v2.30/bin/bin/../../lib/gcc/pic32mx/4.8.3/../../../../pic32mx/lib\libpic32.a(vector45.o)
                0x9fc017a0                __vector_dispatch_45
                0x00000001                ASSERT (((_vector_spacing == 0x0) || (SIZEOF (.vector_45) <= (_vector_spacing << 0x5))), function at exception vector 45 too large)

.vector_46      0x9fc017c0        0x8
 *(.vector_46)
 .vector_46     0x9fc017c0        0x8 c:/program files (x86)/microchip/xc32/v2.30/bin/bin/../../lib/gcc/pic32mx/4.8.3/../../../../pic32mx/lib\libpic32.a(vector46.o)
                0x9fc017c0                __vector_dispatch_46
                0x00000001                ASSERT (((_vector_spacing == 0x0) || (SIZEOF (.vector_46) <= (_vector_spacing << 0x5))), function at exception vector 46 too large)

.vector_47      0x9fc017e0        0x8
 *(.vector_47)
 .vector_47     0x9fc017e0        0x8 c:/program files (x86)/microchip/xc32/v2.30/bin/bin/../../lib/gcc/pic32mx/4.8.3/../../../../pic32mx/lib\libpic32.a(vector47.o)
                0x9fc017e0                __vector_dispatch_47
                0x00000001                ASSERT (((_vector_spacing == 0x0) || (SIZEOF (.vector_47) <= (_vector_spacing << 0x5))), function at exception vector 47 too large)

.vector_48      0x9fc01800        0x8
 *(.vector_48)
 .vector_48     0x9fc01800        0x8 c:/program files (x86)/microchip/xc32/v2.30/bin/bin/../../lib/gcc/pic32mx/4.8.3/../../../../pic32mx/lib\libpic32.a(vector48.o)
                0x9fc01800                __vector_dispatch_48
                0x00000001                ASSERT (((_vector_spacing == 0x0) || (SIZEOF (.vector_48) <= (_vector_spacing << 0x5))), function at exception vector 48 too large)

.vector_49      0x9fc01820        0x8
 *(.vector_49)
 .vector_49     0x9fc01820        0x8 c:/program files (x86)/microchip/xc32/v2.30/bin/bin/../../lib/gcc/pic32mx/4.8.3/../../../../pic32mx/lib\libpic32.a(vector49.o)
                0x9fc01820                __vector_dispatch_49
                0x00000001                ASSERT (((_vector_spacing == 0x0) || (SIZEOF (.vector_49) <= (_vector_spacing << 0x5))), function at exception vector 49 too large)

.vector_50      0x9fc01840        0x8
 *(.vector_50)
 .vector_50     0x9fc01840        0x8 c:/program files (x86)/microchip/xc32/v2.30/bin/bin/../../lib/gcc/pic32mx/4.8.3/../../../../pic32mx/lib\libpic32.a(vector50.o)
                0x9fc01840                __vector_dispatch_50
                0x00000001                ASSERT (((_vector_spacing == 0x0) || (SIZEOF (.vector_50) <= (_vector_spacing << 0x5))), function at exception vector 50 too large)

.vector_51      0x9fc01860        0x8
 *(.vector_51)
 .vector_51     0x9fc01860        0x8 c:/program files (x86)/microchip/xc32/v2.30/bin/bin/../../lib/gcc/pic32mx/4.8.3/../../../../pic32mx/lib\libpic32.a(vector51.o)
                0x9fc01860                __vector_dispatch_51
                0x00000001                ASSERT (((_vector_spacing == 0x0) || (SIZEOF (.vector_51) <= (_vector_spacing << 0x5))), function at exception vector 51 too large)

.vector_52      0x9fc01880        0x0
 *(.vector_52)
                0x00000001                ASSERT (((_vector_spacing == 0x0) || (SIZEOF (.vector_52) <= (_vector_spacing << 0x5))), function at exception vector 52 too large)

.vector_53      0x9fc018a0        0x0
 *(.vector_53)
                0x00000001                ASSERT (((_vector_spacing == 0x0) || (SIZEOF (.vector_53) <= (_vector_spacing << 0x5))), function at exception vector 53 too large)

.vector_54      0x9fc018c0        0x0
 *(.vector_54)
                0x00000001                ASSERT (((_vector_spacing == 0x0) || (SIZEOF (.vector_54) <= (_vector_spacing << 0x5))), function at exception vector 54 too large)

.vector_55      0x9fc018e0        0x0
 *(.vector_55)
                0x00000001                ASSERT (((_vector_spacing == 0x0) || (SIZEOF (.vector_55) <= (_vector_spacing << 0x5))), function at exception vector 55 too large)

.vector_56      0x9fc01900        0x0
 *(.vector_56)
                0x00000001                ASSERT (((_vector_spacing == 0x0) || (SIZEOF (.vector_56) <= (_vector_spacing << 0x5))), function at exception vector 56 too large)

.vector_57      0x9fc01920        0x0
 *(.vector_57)
                0x00000001                ASSERT (((_vector_spacing == 0x0) || (SIZEOF (.vector_57) <= (_vector_spacing << 0x5))), function at exception vector 57 too large)

.vector_58      0x9fc01940        0x0
 *(.vector_58)
                0x00000001                ASSERT (((_vector_spacing == 0x0) || (SIZEOF (.vector_58) <= (_vector_spacing << 0x5))), function at exception vector 58 too large)

.vector_59      0x9fc01960        0x0
 *(.vector_59)
                0x00000001                ASSERT (((_vector_spacing == 0x0) || (SIZEOF (.vector_59) <= (_vector_spacing << 0x5))), function at exception vector 59 too large)

.vector_60      0x9fc01980        0x0
 *(.vector_60)
                0x00000001                ASSERT (((_vector_spacing == 0x0) || (SIZEOF (.vector_60) <= (_vector_spacing << 0x5))), function at exception vector 60 too large)

.vector_61      0x9fc019a0        0x0
 *(.vector_61)
                0x00000001                ASSERT (((_vector_spacing == 0x0) || (SIZEOF (.vector_61) <= (_vector_spacing << 0x5))), function at exception vector 61 too large)

.vector_62      0x9fc019c0        0x0
 *(.vector_62)
                0x00000001                ASSERT (((_vector_spacing == 0x0) || (SIZEOF (.vector_62) <= (_vector_spacing << 0x5))), function at exception vector 62 too large)

.vector_63      0x9fc019e0        0x0
 *(.vector_63)
                0x00000001                ASSERT (((_vector_spacing == 0x0) || (SIZEOF (.vector_63) <= (_vector_spacing << 0x5))), function at exception vector 63 too large)

.startup
 *(.startup)

.text           0x9d000000        0x0
 *(.stub .gnu.linkonce.t.*)
 *(.text.*personality*)
 *(.mips16.fn.*)
 *(.mips16.call.*)
 *(.gnu.warning)
                0x9d000000                . = ALIGN (0x4)

.init           0x9d000000        0x0
 *crti.o(.init)
 *crtbegin.o(.init)
 *(EXCLUDE_FILE(*crtn.o *crtend?.o *crtend.o) .init)
 *crtend.o(.init)
 *crtn.o(.init)
                0x9d000000                . = ALIGN (0x4)

.fini           0x9d000000        0x0
 *(.fini)
                0x9d000000                . = ALIGN (0x4)

.preinit_array  0x9d000000        0x0
                0x9d000000                PROVIDE (__preinit_array_start, .)
 *(.preinit_array)
                0x9d000000                PROVIDE (__preinit_array_end, .)
                0x9d000000                . = ALIGN (0x4)

.init_array     0x9d000000        0x0
                0x9d000000                PROVIDE (__init_array_start, .)
 *(SORT(.init_array.*))
 *(.init_array)
                0x9d000000                PROVIDE (__init_array_end, .)
                0x9d000000                . = ALIGN (0x4)

.fini_array     0x9d000000        0x0
                0x9d000000                PROVIDE (__fini_array_start, .)
 *(SORT(.fini_array.*))
 *(.fini_array)
                0x9d000000                PROVIDE (__fini_array_end, .)
                0x9d000000                . = ALIGN (0x4)

.ctors          0x9d000000        0x0
 *crtbegin.o(.ctors)
 *crtbegin?.o(.ctors)
 *(EXCLUDE_FILE(*crtend?.o *crtend.o) .ctors)
 *(SORT(.ctors.*))
 *(.ctors)
                0x9d000000                . = ALIGN (0x4)

.dtors          0x9d000000        0x0
 *crtbegin.o(.dtors)
 *crtbegin?.o(.dtors)
 *(EXCLUDE_FILE(*crtend?.o *crtend.o) .dtors)
 *(SORT(.dtors.*))
 *(.dtors)
                0x9d000000                . = ALIGN (0x4)

.rodata         0x9d000000        0x0
 *(.gnu.linkonce.r.*)
 *(.rodata1)
                0x9d000000                . = ALIGN (0x4)

.sdata2         0x9fc00490        0x0
 *(.sdata2 .sdata2.* .gnu.linkonce.s2.*)
                0x9fc00490                . = ALIGN (0x4)

.sbss2          0x9fc00490        0x0
 *(.sbss2 .sbss2.* .gnu.linkonce.sb2.*)
                0x9fc00490                . = ALIGN (0x4)

.eh_frame_hdr
 *(.eh_frame_hdr)
                0x9fc00490                . = ALIGN (0x4)

.eh_frame
 *(.eh_frame)
                0x9fc00490                . = ALIGN (0x4)

.gcc_except_table
 *(.gcc_except_table .gcc_except_table.*)
                0x9fc00490                . = ALIGN (0x4)

.dbg_data       0xa0000000        0x0
                0xa0000000                . = (. + DEFINED (_DEBUGGER)?0x200:0x0)

.jcr            0xa0000000        0x0
 *(.jcr)
                0xa0000000                . = ALIGN (0x4)

.eh_frame
 *(.eh_frame)
                0xa0000000                . = ALIGN (0x4)

.gcc_except_table
 *(.gcc_except_table .gcc_except_table.*)
                0xa0000000                . = ALIGN (0x4)

.persist        0xa0000000        0x0
                0xa0000000                _persist_begin = .
 *(.persist .persist.*)
 *(.pbss .pbss.*)
                0xa0000000                . = ALIGN (0x4)
                0xa0000000                _persist_end = .

.data           0xa0000000        0x0
 *(.gnu.linkonce.d.*)
 *(.data1)
                0xa0000000                . = ALIGN (0x4)
                0xa0000000                . = .
                0xa0007ff0                _gp = (ALIGN (0x10) + 0x7ff0)

.got            0xa0000000        0x0
 *(.got.plt)
 *(.got)
                0xa0000000                . = ALIGN (0x4)

.sdata          0xa0000000       0x20
                0xa0000000                _sdata_begin = .
 *(.sdata .sdata.* .gnu.linkonce.s.*)
 .sdata         0xa0000000       0x12 build/default/production/_ext/1472/DisplayAPP.o
                0xa0000000                lcdWidth
                0xa0000002                lcdHeight
                0xa0000004                lcdHcycle
                0xa0000006                lcdHoffset
                0xa0000008                lcdHsync1
                0xa000000a                lcdVcycle
                0xa000000c                lcdVoffset
                0xa000000e                lcdVsync1
                0xa0000010                lcdPclk
                0xa0000011                lcdPclkpol
 *fill*         0xa0000012        0x2 
 .sdata         0xa0000014        0x4 build/default/production/_ext/1472/screen.o
 .sdata         0xa0000018        0x4 c:/program files (x86)/microchip/xc32/v2.30/bin/bin/../../lib/gcc/pic32mx/4.8.3/../../../../pic32mx/lib\liblega-c.a(_iobdata.o)
                0xa0000018                _libc_data
 .sdata         0xa000001c        0x4 c:/program files (x86)/microchip/xc32/v2.30/bin/bin/../../lib/gcc/pic32mx/4.8.3/../../../../pic32mx/lib\libpic32.a(xc32_uart.o)
                0xa000001c                __XC_UART
                0xa0000020                . = ALIGN (0x4)
                0xa0000020                _sdata_end = .

.lit8
 *(.lit8)

.lit4
 *(.lit4)
                0xa0000020                . = ALIGN (0x4)
                0xa0000020                _data_end = .
                0xa0000020                _bss_begin = .

.sbss           0xa0000020       0x18
                0xa0000020                _sbss_begin = .
 *(.dynsbss)
 *(.sbss .sbss.* .gnu.linkonce.sb.*)
 .sbss          0xa0000020        0x6 build/default/production/_ext/1472/DisplayAPP.o
                0xa0000020                lcdHsync0
                0xa0000022                lcdVsync0
                0xa0000024                lcdSwizzle
 .sbss          0xa0000026        0x4 build/default/production/_ext/1472/DisplayAPI.o
                0xa0000026                cmdBufferWr
                0xa0000028                cmdOffset
 *fill*         0xa000002a        0x2 
 .sbss          0xa000002c        0x4 build/default/production/_ext/1472/screen.o
 .sbss          0xa0000030        0x4 c:/program files (x86)/microchip/xc32/v2.30/bin/bin/../../lib/gcc/pic32mx/4.8.3/../../../../pic32mx/lib\liblega-c.a(errno.o)
                0xa0000030                errno
 *(.scommon)
 .scommon       0xa0000034        0x2 build/default/production/_ext/1472/DisplayAPI.o
                0xa0000034                cmdBufferRd
                0xa0000036                _sbss_end = .
                0xa0000038                . = ALIGN (0x4)
 *fill*         0xa0000036        0x2 

.bss            0xa0000038       0x20
 *(.dynbss)
 *(COMMON)
 COMMON         0xa0000038       0x20 build/default/production/_ext/1472/screen.o
                0xa0000038                screen_rx_buffer
                0xa0000058                . = ALIGN ((. != 0x0)?0x4:0x1)
                0xa0000058                . = ALIGN (0x4)
                0xa0000058                _end = .
                0xa0000058                _bss_end = .
                0x00020000                _bmxdudba_address = 0x20000
                0x00020000                _bmxdupba_address = 0x20000

/DISCARD/
 *(.pdr)
 *(.rel.dyn)
 *(.note.GNU-stack)
 *(.note.GNU-stack)
 *(.gnu_debuglink)
 *(.gnu.lto_*)
 *(.discard)

.gptab.sdata
 *(.gptab.data)
 *(.gptab.sdata)

.gptab.sbss
 *(.gptab.bss)
 *(.gptab.sbss)

.mdebug.abi32   0xa0000058        0x0
 *(.mdebug.abi32)
 .mdebug.abi32  0xa0000058        0x0 build/default/production/_ext/1472/DisplayEVE.o
 .mdebug.abi32  0xa0000058        0x0 build/default/production/_ext/1472/DisplayMCU.o
 .mdebug.abi32  0xa0000058        0x0 build/default/production/_ext/1472/I2CLib.o
 .mdebug.abi32  0xa0000058        0x0 build/default/production/_ext/1472/main.o
 .mdebug.abi32  0xa0000058        0x0 build/default/production/_ext/1472/DisplayAPP.o
 .mdebug.abi32  0xa0000058        0x0 build/default/production/_ext/1472/DisplayAPI.o
 .mdebug.abi32  0xa0000058        0x0 build/default/production/_ext/1472/potentiometer.o
 .mdebug.abi32  0xa0000058        0x0 build/default/production/_ext/1472/motors.o
 .mdebug.abi32  0xa0000058        0x0 build/default/production/_ext/1472/accelerometer.o
 .mdebug.abi32  0xa0000058        0x0 build/default/production/_ext/1472/temp_humidity.o
 .mdebug.abi32  0xa0000058        0x0 build/default/production/_ext/1472/GPS.o
 .mdebug.abi32  0xa0000058        0x0 build/default/production/_ext/1472/hardware.o
 .mdebug.abi32  0xa0000058        0x0 build/default/production/_ext/1472/screen.o
 .mdebug.abi32  0xa0000058        0x0 c:/program files (x86)/microchip/xc32/v2.30/bin/bin/../../lib/gcc/pic32mx/4.8.3/../../../../pic32mx/lib\libmchp_peripheral_32MX795F512L.a(pcache.o)
 .mdebug.abi32  0xa0000058        0x0 c:/program files (x86)/microchip/xc32/v2.30/bin/bin/../../lib/gcc/pic32mx/4.8.3/../../../../pic32mx/lib\libmchp_peripheral_32MX795F512L.a(int_disable_interrupts_lib.o)
 .mdebug.abi32  0xa0000058        0x0 c:/program files (x86)/microchip/xc32/v2.30/bin/bin/../../lib/gcc/pic32mx/4.8.3/../../../../pic32mx/lib\libmchp_peripheral_32MX795F512L.a(int_restore_interrupts_lib.o)
 .mdebug.abi32  0xa0000058        0x0 c:/program files (x86)/microchip/xc32/v2.30/bin/bin/../../lib/gcc/pic32mx/4.8.3/../../../../pic32mx/lib\libmchp_peripheral_32MX795F512L.a(int_enable_mv_int_lib.o)
 .mdebug.abi32  0xa0000058        0x0 c:/program files (x86)/microchip/xc32/v2.30/bin/bin/../../lib/gcc/pic32mx/4.8.3/../../../../pic32mx/lib\libmchp_peripheral_32MX795F512L.a(int_tbl_lib.o)
 .mdebug.abi32  0xa0000058        0x0 c:/program files (x86)/microchip/xc32/v2.30/bin/bin/../../lib/gcc/pic32mx/4.8.3/../../../../pic32mx/lib\libmchp_peripheral_32MX795F512L.a(dma_chn_set_ev_enable_flags_lib.o)
 .mdebug.abi32  0xa0000058        0x0 c:/program files (x86)/microchip/xc32/v2.30/bin/bin/../../lib/gcc/pic32mx/4.8.3/../../../../pic32mx/lib\libmchp_peripheral_32MX795F512L.a(dma_chn_open_lib.o)
 .mdebug.abi32  0xa0000058        0x0 c:/program files (x86)/microchip/xc32/v2.30/bin/bin/../../lib/gcc/pic32mx/4.8.3/../../../../pic32mx/lib\libmchp_peripheral_32MX795F512L.a(dma_chn_enable_lib.o)
 .mdebug.abi32  0xa0000058        0x0 c:/program files (x86)/microchip/xc32/v2.30/bin/bin/../../lib/gcc/pic32mx/4.8.3/../../../../pic32mx/lib\libmchp_peripheral_32MX795F512L.a(dma_chn_get_ev_flags_lib.o)
 .mdebug.abi32  0xa0000058        0x0 c:/program files (x86)/microchip/xc32/v2.30/bin/bin/../../lib/gcc/pic32mx/4.8.3/../../../../pic32mx/lib\libmchp_peripheral_32MX795F512L.a(dma_chn_write_event_control_flags_lib.o)
 .mdebug.abi32  0xa0000058        0x0 c:/program files (x86)/microchip/xc32/v2.30/bin/bin/../../lib/gcc/pic32mx/4.8.3/../../../../pic32mx/lib\libmchp_peripheral_32MX795F512L.a(dma_chn_set_match_pattern_lib.o)
 .mdebug.abi32  0xa0000058        0x0 c:/program files (x86)/microchip/xc32/v2.30/bin/bin/../../lib/gcc/pic32mx/4.8.3/../../../../pic32mx/lib\libmchp_peripheral_32MX795F512L.a(dma_chn_set_txfer_lib.o)
 .mdebug.abi32  0xa0000058        0x0 c:/program files (x86)/microchip/xc32/v2.30/bin/bin/../../lib/gcc/pic32mx/4.8.3/../../../../pic32mx/lib\libmchp_peripheral_32MX795F512L.a(dma_reg_map_tbl_lib.o)
 .mdebug.abi32  0xa0000058        0x0 c:/program files (x86)/microchip/xc32/v2.30/bin/bin/../../lib/gcc/pic32mx/4.8.3/../../../../pic32mx/lib\libmchp_peripheral_32MX795F512L.a(port_set_pins_digital_in_lib.o)
 .mdebug.abi32  0xa0000058        0x0 c:/program files (x86)/microchip/xc32/v2.30/bin/bin/../../lib/gcc/pic32mx/4.8.3/../../../../pic32mx/lib\libmchp_peripheral_32MX795F512L.a(port_set_pins_digital_out_lib.o)
 .mdebug.abi32  0xa0000058        0x0 c:/program files (x86)/microchip/xc32/v2.30/bin/bin/../../lib/gcc/pic32mx/4.8.3/../../../../pic32mx/lib\libmchp_peripheral_32MX795F512L.a(port_read_bits_lib.o)
 .mdebug.abi32  0xa0000058        0x0 c:/program files (x86)/microchip/xc32/v2.30/bin/bin/../../lib/gcc/pic32mx/4.8.3/../../../../pic32mx/lib\libmchp_peripheral_32MX795F512L.a(port_clear_bits_lib.o)
 .mdebug.abi32  0xa0000058        0x0 c:/program files (x86)/microchip/xc32/v2.30/bin/bin/../../lib/gcc/pic32mx/4.8.3/../../../../pic32mx/lib\libmchp_peripheral_32MX795F512L.a(port_toggle_bits_lib.o)
 .mdebug.abi32  0xa0000058        0x0 c:/program files (x86)/microchip/xc32/v2.30/bin/bin/../../lib/gcc/pic32mx/4.8.3/../../../../pic32mx/lib\libmchp_peripheral_32MX795F512L.a(_ports_tbl_libp.o)
 .mdebug.abi32  0xa0000058        0x0 c:/program files (x86)/microchip/xc32/v2.30/bin/bin/../../lib/gcc/pic32mx/4.8.3/../../../../pic32mx/lib\libmchp_peripheral_32MX795F512L.a(uart_lib.o)
 .mdebug.abi32  0xa0000058        0x0 c:/program files (x86)/microchip/xc32/v2.30/bin/bin/../../lib/gcc/pic32mx/4.8.3/../../../../pic32mx/lib\libmchp_peripheral_32MX795F512L.a(idle_i2c1_lib_legacy.o)
 .mdebug.abi32  0xa0000058        0x0 c:/program files (x86)/microchip/xc32/v2.30/bin/bin/../../lib/gcc/pic32mx/4.8.3/../../../../pic32mx/lib\libmchp_peripheral_32MX795F512L.a(master_read_i2c1_lib_legacy.o)
 .mdebug.abi32  0xa0000058        0x0 c:/program files (x86)/microchip/xc32/v2.30/bin/bin/../../lib/gcc/pic32mx/4.8.3/../../../../pic32mx/lib\libmchp_peripheral_32MX795F512L.a(master_write_i2c1_lib_legacy.o)
 .mdebug.abi32  0xa0000058        0x0 c:/program files (x86)/microchip/xc32/v2.30/bin/bin/../../lib/gcc/pic32mx/4.8.3/../../../../pic32mx/lib\libmchp_peripheral_32MX795F512L.a(I2CConfigure.o)
 .mdebug.abi32  0xa0000058        0x0 c:/program files (x86)/microchip/xc32/v2.30/bin/bin/../../lib/gcc/pic32mx/4.8.3/../../../../pic32mx/lib\libmchp_peripheral_32MX795F512L.a(I2CEnable.o)
 .mdebug.abi32  0xa0000058        0x0 c:/program files (x86)/microchip/xc32/v2.30/bin/bin/../../lib/gcc/pic32mx/4.8.3/../../../../pic32mx/lib\libmchp_peripheral_32MX795F512L.a(I2CSetFrequency.o)
 .mdebug.abi32  0xa0000058        0x0 c:/program files (x86)/microchip/xc32/v2.30/bin/bin/../../lib/gcc/pic32mx/4.8.3/../../../../pic32mx/lib\libmchp_peripheral_32MX795F512L.a(int_enable_interrupts_lib.o)
 .mdebug.abi32  0xa0000058        0x0 c:/program files (x86)/microchip/xc32/v2.30/bin/bin/../../lib/gcc/pic32mx/4.8.3/../../../../pic32mx/lib\libmchp_peripheral_32MX795F512L.a(I2CPrivate.o)
 .mdebug.abi32  0xa0000058        0x0 c:/program files (x86)/microchip/xc32/v2.30/bin/bin/../../lib/gcc/pic32mx/4.8.3\libgcc.a(floatunsisf.o)
 .mdebug.abi32  0xa0000058        0x0 c:/program files (x86)/microchip/xc32/v2.30/bin/bin/../../lib/gcc/pic32mx/4.8.3/../../../../pic32mx/lib\libpic32.a(default-bootstrap-exception-handler.o)
 .mdebug.abi32  0xa0000058        0x0 c:/program files (x86)/microchip/xc32/v2.30/bin/bin/../../lib/gcc/pic32mx/4.8.3/../../../../pic32mx/lib\libpic32.a(default-on-reset.o)
 .mdebug.abi32  0xa0000058        0x0 c:/program files (x86)/microchip/xc32/v2.30/bin/bin/../../lib/gcc/pic32mx/4.8.3/../../../../pic32mx/lib\libpic32.a(default-on-bootstrap.o)
 .mdebug.abi32  0xa0000058        0x0 c:/program files (x86)/microchip/xc32/v2.30/bin/bin/../../lib/gcc/pic32mx/4.8.3/../../../../pic32mx/lib\libpic32.a(default-general-exception-handler.o)
 .mdebug.abi32  0xa0000058        0x0 c:/program files (x86)/microchip/xc32/v2.30/bin/bin/../../lib/gcc/pic32mx/4.8.3/../../../../pic32mx/lib\libpic32.a(defaultinterrupt.o)
 .mdebug.abi32  0xa0000058        0x0 c:/program files (x86)/microchip/xc32/v2.30/bin/bin/../../lib/gcc/pic32mx/4.8.3/../../../../pic32mx/lib\liblega-c.a(sprintf_cdnopuxX.eo)
 .mdebug.abi32  0xa0000058        0x0 c:/program files (x86)/microchip/xc32/v2.30/bin/bin/../../lib/gcc/pic32mx/4.8.3/../../../../pic32mx/lib\liblega-c.a(sscanf_cdnopsuxX.eo)
 .mdebug.abi32  0xa0000058        0x0 c:/program files (x86)/microchip/xc32/v2.30/bin/bin/../../lib/gcc/pic32mx/4.8.3/../../../../pic32mx/lib\liblega-c.a(_doprnt_cdnopuxX.eo)
 .mdebug.abi32  0xa0000058        0x0 c:/program files (x86)/microchip/xc32/v2.30/bin/bin/../../lib/gcc/pic32mx/4.8.3/../../../../pic32mx/lib\liblega-c.a(_iobdata.o)
 .mdebug.abi32  0xa0000058        0x0 c:/program files (x86)/microchip/xc32/v2.30/bin/bin/../../lib/gcc/pic32mx/4.8.3/../../../../pic32mx/lib\liblega-c.a(_iobfuncs.o)
 .mdebug.abi32  0xa0000058        0x0 c:/program files (x86)/microchip/xc32/v2.30/bin/bin/../../lib/gcc/pic32mx/4.8.3/../../../../pic32mx/lib\liblega-c.a(_iobstring.o)
 .mdebug.abi32  0xa0000058        0x0 c:/program files (x86)/microchip/xc32/v2.30/bin/bin/../../lib/gcc/pic32mx/4.8.3/../../../../pic32mx/lib\liblega-c.a(fputc.o)
 .mdebug.abi32  0xa0000058        0x0 c:/program files (x86)/microchip/xc32/v2.30/bin/bin/../../lib/gcc/pic32mx/4.8.3/../../../../pic32mx/lib\liblega-c.a(_doscan.o)
 .mdebug.abi32  0xa0000058        0x0 c:/program files (x86)/microchip/xc32/v2.30/bin/bin/../../lib/gcc/pic32mx/4.8.3/../../../../pic32mx/lib\liblega-c.a(stubs.o)
 .mdebug.abi32  0xa0000058        0x0 c:/program files (x86)/microchip/xc32/v2.30/bin/bin/../../lib/gcc/pic32mx/4.8.3/../../../../pic32mx/lib\liblega-c.a(strchr.o)
 .mdebug.abi32  0xa0000058        0x0 c:/program files (x86)/microchip/xc32/v2.30/bin/bin/../../lib/gcc/pic32mx/4.8.3/../../../../pic32mx/lib\liblega-c.a(memset.o)
 .mdebug.abi32  0xa0000058        0x0 c:/program files (x86)/microchip/xc32/v2.30/bin/bin/../../lib/gcc/pic32mx/4.8.3/../../../../pic32mx/lib\liblega-c.a(ctype.o)
 .mdebug.abi32  0xa0000058        0x0 c:/program files (x86)/microchip/xc32/v2.30/bin/bin/../../lib/gcc/pic32mx/4.8.3/../../../../pic32mx/lib\liblega-c.a(malloc.o)
 .mdebug.abi32  0xa0000058        0x0 c:/program files (x86)/microchip/xc32/v2.30/bin/bin/../../lib/gcc/pic32mx/4.8.3/../../../../pic32mx/lib\liblega-c.a(malloc_realloc.o)
 .mdebug.abi32  0xa0000058        0x0 c:/program files (x86)/microchip/xc32/v2.30/bin/bin/../../lib/gcc/pic32mx/4.8.3/../../../../pic32mx/lib\liblega-c.a(errno.o)
 .mdebug.abi32  0xa0000058        0x0 c:/program files (x86)/microchip/xc32/v2.30/bin/bin/../../lib/gcc/pic32mx/4.8.3/../../../../pic32mx/lib\liblega-c.a(strtol.o)
 .mdebug.abi32  0xa0000058        0x0 c:/program files (x86)/microchip/xc32/v2.30/bin/bin/../../lib/gcc/pic32mx/4.8.3/../../../../pic32mx/lib\liblega-c.a(strtoul.o)
 .mdebug.abi32  0xa0000058        0x0 c:/program files (x86)/microchip/xc32/v2.30/bin/bin/../../lib/gcc/pic32mx/4.8.3/../../../../pic32mx/lib\liblega-c.a(strtoll.o)
 .mdebug.abi32  0xa0000058        0x0 c:/program files (x86)/microchip/xc32/v2.30/bin/bin/../../lib/gcc/pic32mx/4.8.3/../../../../pic32mx/lib\liblega-c.a(strtoull.o)
 .mdebug.abi32  0xa0000058        0x0 c:/program files (x86)/microchip/xc32/v2.30/bin/bin/../../lib/gcc/pic32mx/4.8.3/../../../../pic32mx/lib\liblega-c.a(strtod.o)
 .mdebug.abi32  0xa0000058        0x0 c:/program files (x86)/microchip/xc32/v2.30/bin/bin/../../lib/gcc/pic32mx/4.8.3/../../../../pic32mx/lib\liblega-c.a(strtof.o)
 .mdebug.abi32  0xa0000058        0x0 c:/program files (x86)/microchip/xc32/v2.30/bin/bin/../../lib/gcc/pic32mx/4.8.3/../../../../pic32mx/lib\liblega-c.a(fullexit.o)
 .mdebug.abi32  0xa0000058        0x0 c:/program files (x86)/microchip/xc32/v2.30/bin/bin/../../lib/gcc/pic32mx/4.8.3/../../../../pic32mx/lib\liblega-c.a(fgetc.o)
 .mdebug.abi32  0xa0000058        0x0 c:/program files (x86)/microchip/xc32/v2.30/bin/bin/../../lib/gcc/pic32mx/4.8.3/../../../../pic32mx/lib\liblega-c.a(ungetc.o)
 .mdebug.abi32  0xa0000058        0x0 c:/program files (x86)/microchip/xc32/v2.30/bin/bin/../../lib/gcc/pic32mx/4.8.3/../../../../pic32mx/lib\liblega-c.a(memmove.o)
 .mdebug.abi32  0xa0000058        0x0 c:/program files (x86)/microchip/xc32/v2.30/bin/bin/../../lib/gcc/pic32mx/4.8.3/../../../../pic32mx/lib\liblega-c.a(memcpy.o)
 .mdebug.abi32  0xa0000058        0x0 c:/program files (x86)/microchip/xc32/v2.30/bin/bin/../../lib/gcc/pic32mx/4.8.3/../../../../pic32mx/lib\liblega-c.a(_ioinit.o)
 .mdebug.abi32  0xa0000058        0x0 c:/program files (x86)/microchip/xc32/v2.30/bin/bin/../../lib/gcc/pic32mx/4.8.3/../../../../pic32mx/lib\liblega-c.a(_cleanup.o)
 .mdebug.abi32  0xa0000058        0x0 c:/program files (x86)/microchip/xc32/v2.30/bin/bin/../../lib/gcc/pic32mx/4.8.3/../../../../pic32mx/lib\liblega-c.a(_bufproc.o)
 .mdebug.abi32  0xa0000058        0x0 c:/program files (x86)/microchip/xc32/v2.30/bin/bin/../../lib/gcc/pic32mx/4.8.3/../../../../pic32mx/lib\libm.a(__strtod.o)
 .mdebug.abi32  0xa0000058        0x0 c:/program files (x86)/microchip/xc32/v2.30/bin/bin/../../lib/gcc/pic32mx/4.8.3/../../../../pic32mx/lib\libm.a(__strtof.o)
 .mdebug.abi32  0xa0000058        0x0 c:/program files (x86)/microchip/xc32/v2.30/bin/bin/../../lib/gcc/pic32mx/4.8.3/../../../../pic32mx/lib\libe.a(_ldexp.o)
 .mdebug.abi32  0xa0000058        0x0 c:/program files (x86)/microchip/xc32/v2.30/bin/bin/../../lib/gcc/pic32mx/4.8.3/../../../../pic32mx/lib\libe.a(_ldexpf.o)
 .mdebug.abi32  0xa0000058        0x0 c:/program files (x86)/microchip/xc32/v2.30/bin/bin/../../lib/gcc/pic32mx/4.8.3\libgcc.a(_lshrdi3.o)
 .mdebug.abi32  0xa0000058        0x0 c:/program files (x86)/microchip/xc32/v2.30/bin/bin/../../lib/gcc/pic32mx/4.8.3\libgcc.a(_ashldi3.o)
 .mdebug.abi32  0xa0000058        0x0 c:/program files (x86)/microchip/xc32/v2.30/bin/bin/../../lib/gcc/pic32mx/4.8.3\libgcc.a(_divdi3.o)
 .mdebug.abi32  0xa0000058        0x0 c:/program files (x86)/microchip/xc32/v2.30/bin/bin/../../lib/gcc/pic32mx/4.8.3\libgcc.a(_udivdi3.o)
 .mdebug.abi32  0xa0000058        0x0 c:/program files (x86)/microchip/xc32/v2.30/bin/bin/../../lib/gcc/pic32mx/4.8.3\libgcc.a(_umoddi3.o)
 .mdebug.abi32  0xa0000058        0x0 c:/program files (x86)/microchip/xc32/v2.30/bin/bin/../../lib/gcc/pic32mx/4.8.3/../../../../pic32mx/lib\libpic32.a(sbrk.o)
 .mdebug.abi32  0xa0000058        0x0 c:/program files (x86)/microchip/xc32/v2.30/bin/bin/../../lib/gcc/pic32mx/4.8.3/../../../../pic32mx/lib\libpic32.a(_exit.o)
 .mdebug.abi32  0xa0000058        0x0 c:/program files (x86)/microchip/xc32/v2.30/bin/bin/../../lib/gcc/pic32mx/4.8.3/../../../../pic32mx/lib\libpic32.a(isatty.o)
 .mdebug.abi32  0xa0000058        0x0 c:/program files (x86)/microchip/xc32/v2.30/bin/bin/../../lib/gcc/pic32mx/4.8.3/../../../../pic32mx/lib\libpic32.a(_mon_getc.o)
 .mdebug.abi32  0xa0000058        0x0 c:/program files (x86)/microchip/xc32/v2.30/bin/bin/../../lib/gcc/pic32mx/4.8.3/../../../../pic32mx/lib\libpic32.a(_mon_write.o)
 .mdebug.abi32  0xa0000058        0x0 c:/program files (x86)/microchip/xc32/v2.30/bin/bin/../../lib/gcc/pic32mx/4.8.3/../../../../pic32mx/lib\libpic32.a(xc32_uart.o)
 .mdebug.abi32  0xa0000058        0x0 c:/program files (x86)/microchip/xc32/v2.30/bin/bin/../../lib/gcc/pic32mx/4.8.3/../../../../pic32mx/lib\libpic32.a(_mon_putc.o)

.mdebug.abiN32
 *(.mdebug.abiN32)

.mdebug.abi64
 *(.mdebug.abi64)

.mdebug.abiO64
 *(.mdebug.abiO64)

.mdebug.eabi32
 *(.mdebug.eabi32)

.mdebug.eabi64
 *(.mdebug.eabi64)

.gcc_compiled_long32
 *(.gcc_compiled_long32)

.gcc_compiled_long64
 *(.gcc_compiled_long64)

.stab
 *(.stab)

.stabstr
 *(.stabstr)

.stab.excl
 *(.stab.excl)

.stab.exclstr
 *(.stab.exclstr)

.stab.index
 *(.stab.index)

.stab.indexstr
 *(.stab.indexstr)

.comment        0x00000000      0xb00
 *(.comment)
 .comment       0x00000000       0x3c build/default/production/_ext/1472/DisplayEVE.o
                                 0x3d (size before relaxing)
 .comment       0x00000000       0x3d build/default/production/_ext/1472/DisplayMCU.o
 .comment       0x00000000       0x3d build/default/production/_ext/1472/I2CLib.o
 .comment       0x00000000       0x3d build/default/production/_ext/1472/main.o
 .comment       0x00000000       0x3d build/default/production/_ext/1472/DisplayAPP.o
 .comment       0x00000000       0x3d build/default/production/_ext/1472/DisplayAPI.o
 .comment       0x00000000       0x3d build/default/production/_ext/1472/potentiometer.o
 .comment       0x00000000       0x3d build/default/production/_ext/1472/motors.o
 .comment       0x00000000       0x3d build/default/production/_ext/1472/accelerometer.o
 .comment       0x00000000       0x3d build/default/production/_ext/1472/temp_humidity.o
 .comment       0x00000000       0x3d build/default/production/_ext/1472/GPS.o
 .comment       0x00000000       0x3d build/default/production/_ext/1472/hardware.o
 .comment       0x00000000       0x3d build/default/production/_ext/1472/screen.o
 .comment       0x0000003c       0x3c c:/program files (x86)/microchip/xc32/v2.30/bin/bin/../../lib/gcc/pic32mx/4.8.3/../../../../pic32mx/lib\libmchp_peripheral_32MX795F512L.a(pcache.o)
                                 0x3d (size before relaxing)
 .comment       0x00000000       0x3d c:/program files (x86)/microchip/xc32/v2.30/bin/bin/../../lib/gcc/pic32mx/4.8.3/../../../../pic32mx/lib\libmchp_peripheral_32MX795F512L.a(int_disable_interrupts_lib.o)
 .comment       0x00000000       0x3d c:/program files (x86)/microchip/xc32/v2.30/bin/bin/../../lib/gcc/pic32mx/4.8.3/../../../../pic32mx/lib\libmchp_peripheral_32MX795F512L.a(int_restore_interrupts_lib.o)
 .comment       0x00000000       0x3d c:/program files (x86)/microchip/xc32/v2.30/bin/bin/../../lib/gcc/pic32mx/4.8.3/../../../../pic32mx/lib\libmchp_peripheral_32MX795F512L.a(int_enable_mv_int_lib.o)
 .comment       0x00000000       0x3d c:/program files (x86)/microchip/xc32/v2.30/bin/bin/../../lib/gcc/pic32mx/4.8.3/../../../../pic32mx/lib\libmchp_peripheral_32MX795F512L.a(int_tbl_lib.o)
 .comment       0x00000000       0x3d c:/program files (x86)/microchip/xc32/v2.30/bin/bin/../../lib/gcc/pic32mx/4.8.3/../../../../pic32mx/lib\libmchp_peripheral_32MX795F512L.a(dma_chn_set_ev_enable_flags_lib.o)
 .comment       0x00000000       0x3d c:/program files (x86)/microchip/xc32/v2.30/bin/bin/../../lib/gcc/pic32mx/4.8.3/../../../../pic32mx/lib\libmchp_peripheral_32MX795F512L.a(dma_chn_open_lib.o)
 .comment       0x00000000       0x3d c:/program files (x86)/microchip/xc32/v2.30/bin/bin/../../lib/gcc/pic32mx/4.8.3/../../../../pic32mx/lib\libmchp_peripheral_32MX795F512L.a(dma_chn_enable_lib.o)
 .comment       0x00000000       0x3d c:/program files (x86)/microchip/xc32/v2.30/bin/bin/../../lib/gcc/pic32mx/4.8.3/../../../../pic32mx/lib\libmchp_peripheral_32MX795F512L.a(dma_chn_get_ev_flags_lib.o)
 .comment       0x00000000       0x3d c:/program files (x86)/microchip/xc32/v2.30/bin/bin/../../lib/gcc/pic32mx/4.8.3/../../../../pic32mx/lib\libmchp_peripheral_32MX795F512L.a(dma_chn_write_event_control_flags_lib.o)
 .comment       0x00000000       0x3d c:/program files (x86)/microchip/xc32/v2.30/bin/bin/../../lib/gcc/pic32mx/4.8.3/../../../../pic32mx/lib\libmchp_peripheral_32MX795F512L.a(dma_chn_set_match_pattern_lib.o)
 .comment       0x00000000       0x3d c:/program files (x86)/microchip/xc32/v2.30/bin/bin/../../lib/gcc/pic32mx/4.8.3/../../../../pic32mx/lib\libmchp_peripheral_32MX795F512L.a(dma_chn_set_txfer_lib.o)
 .comment       0x00000000       0x3d c:/program files (x86)/microchip/xc32/v2.30/bin/bin/../../lib/gcc/pic32mx/4.8.3/../../../../pic32mx/lib\libmchp_peripheral_32MX795F512L.a(dma_reg_map_tbl_lib.o)
 .comment       0x00000000       0x3d c:/program files (x86)/microchip/xc32/v2.30/bin/bin/../../lib/gcc/pic32mx/4.8.3/../../../../pic32mx/lib\libmchp_peripheral_32MX795F512L.a(port_set_pins_digital_in_lib.o)
 .comment       0x00000000       0x3d c:/program files (x86)/microchip/xc32/v2.30/bin/bin/../../lib/gcc/pic32mx/4.8.3/../../../../pic32mx/lib\libmchp_peripheral_32MX795F512L.a(port_set_pins_digital_out_lib.o)
 .comment       0x00000000       0x3d c:/program files (x86)/microchip/xc32/v2.30/bin/bin/../../lib/gcc/pic32mx/4.8.3/../../../../pic32mx/lib\libmchp_peripheral_32MX795F512L.a(port_read_bits_lib.o)
 .comment       0x00000000       0x3d c:/program files (x86)/microchip/xc32/v2.30/bin/bin/../../lib/gcc/pic32mx/4.8.3/../../../../pic32mx/lib\libmchp_peripheral_32MX795F512L.a(port_clear_bits_lib.o)
 .comment       0x00000000       0x3d c:/program files (x86)/microchip/xc32/v2.30/bin/bin/../../lib/gcc/pic32mx/4.8.3/../../../../pic32mx/lib\libmchp_peripheral_32MX795F512L.a(port_toggle_bits_lib.o)
 .comment       0x00000000       0x3d c:/program files (x86)/microchip/xc32/v2.30/bin/bin/../../lib/gcc/pic32mx/4.8.3/../../../../pic32mx/lib\libmchp_peripheral_32MX795F512L.a(_ports_tbl_libp.o)
 .comment       0x00000000       0x3d c:/program files (x86)/microchip/xc32/v2.30/bin/bin/../../lib/gcc/pic32mx/4.8.3/../../../../pic32mx/lib\libmchp_peripheral_32MX795F512L.a(uart_lib.o)
 .comment       0x00000000       0x3d c:/program files (x86)/microchip/xc32/v2.30/bin/bin/../../lib/gcc/pic32mx/4.8.3/../../../../pic32mx/lib\libmchp_peripheral_32MX795F512L.a(idle_i2c1_lib_legacy.o)
 .comment       0x00000000       0x3d c:/program files (x86)/microchip/xc32/v2.30/bin/bin/../../lib/gcc/pic32mx/4.8.3/../../../../pic32mx/lib\libmchp_peripheral_32MX795F512L.a(master_read_i2c1_lib_legacy.o)
 .comment       0x00000000       0x3d c:/program files (x86)/microchip/xc32/v2.30/bin/bin/../../lib/gcc/pic32mx/4.8.3/../../../../pic32mx/lib\libmchp_peripheral_32MX795F512L.a(master_write_i2c1_lib_legacy.o)
 .comment       0x00000000       0x3d c:/program files (x86)/microchip/xc32/v2.30/bin/bin/../../lib/gcc/pic32mx/4.8.3/../../../../pic32mx/lib\libmchp_peripheral_32MX795F512L.a(I2CConfigure.o)
 .comment       0x00000000       0x3d c:/program files (x86)/microchip/xc32/v2.30/bin/bin/../../lib/gcc/pic32mx/4.8.3/../../../../pic32mx/lib\libmchp_peripheral_32MX795F512L.a(I2CEnable.o)
 .comment       0x00000000       0x3d c:/program files (x86)/microchip/xc32/v2.30/bin/bin/../../lib/gcc/pic32mx/4.8.3/../../../../pic32mx/lib\libmchp_peripheral_32MX795F512L.a(I2CSetFrequency.o)
 .comment       0x00000000       0x3d c:/program files (x86)/microchip/xc32/v2.30/bin/bin/../../lib/gcc/pic32mx/4.8.3/../../../../pic32mx/lib\libmchp_peripheral_32MX795F512L.a(int_enable_interrupts_lib.o)
 .comment       0x00000000       0x3d c:/program files (x86)/microchip/xc32/v2.30/bin/bin/../../lib/gcc/pic32mx/4.8.3/../../../../pic32mx/lib\libmchp_peripheral_32MX795F512L.a(I2CPrivate.o)
 .comment       0x00000000       0x3d c:/program files (x86)/microchip/xc32/v2.30/bin/bin/../../lib/gcc/pic32mx/4.8.3\libgcc.a(floatunsisf.o)
 .comment       0x00000078       0x19 c:/program files (x86)/microchip/xc32/v2.30/bin/bin/../../lib/gcc/pic32mx/4.8.3/../../../../pic32mx/lib\libpic32.a(strcpy.o)
                                 0x1a (size before relaxing)
 .comment       0x00000091       0x19 c:/program files (x86)/microchip/xc32/v2.30/bin/bin/../../lib/gcc/pic32mx/4.8.3/../../../../pic32mx/lib\libpic32.a(strlen.o)
                                 0x1a (size before relaxing)
 .comment       0x00000000       0x3d c:/program files (x86)/microchip/xc32/v2.30/bin/bin/../../lib/gcc/pic32mx/4.8.3/../../../../pic32mx/lib\libpic32.a(default-bootstrap-exception-handler.o)
 .comment       0x00000000       0x3d c:/program files (x86)/microchip/xc32/v2.30/bin/bin/../../lib/gcc/pic32mx/4.8.3/../../../../pic32mx/lib\libpic32.a(default-on-reset.o)
 .comment       0x00000000       0x3d c:/program files (x86)/microchip/xc32/v2.30/bin/bin/../../lib/gcc/pic32mx/4.8.3/../../../../pic32mx/lib\libpic32.a(default-on-bootstrap.o)
 .comment       0x00000000       0x3d c:/program files (x86)/microchip/xc32/v2.30/bin/bin/../../lib/gcc/pic32mx/4.8.3/../../../../pic32mx/lib\libpic32.a(default-general-exception-handler.o)
 .comment       0x00000000       0x3d c:/program files (x86)/microchip/xc32/v2.30/bin/bin/../../lib/gcc/pic32mx/4.8.3/../../../../pic32mx/lib\libpic32.a(defaultinterrupt.o)
 .comment       0x000000aa       0x52 c:/program files (x86)/microchip/xc32/v2.30/bin/bin/../../lib/gcc/pic32mx/4.8.3/../../../../pic32mx/lib\liblega-c.a(sprintf_cdnopuxX.eo)
                                 0x8f (size before relaxing)
 .comment       0x000000fc       0x51 c:/program files (x86)/microchip/xc32/v2.30/bin/bin/../../lib/gcc/pic32mx/4.8.3/../../../../pic32mx/lib\liblega-c.a(sscanf_cdnopsuxX.eo)
                                 0x8e (size before relaxing)
 .comment       0x0000014d       0x52 c:/program files (x86)/microchip/xc32/v2.30/bin/bin/../../lib/gcc/pic32mx/4.8.3/../../../../pic32mx/lib\liblega-c.a(_doprnt_cdnopuxX.eo)
                                 0x8f (size before relaxing)
 .comment       0x0000019f       0x53 c:/program files (x86)/microchip/xc32/v2.30/bin/bin/../../lib/gcc/pic32mx/4.8.3/../../../../pic32mx/lib\liblega-c.a(_iobdata.o)
                                 0x90 (size before relaxing)
 .comment       0x000001f2       0x54 c:/program files (x86)/microchip/xc32/v2.30/bin/bin/../../lib/gcc/pic32mx/4.8.3/../../../../pic32mx/lib\liblega-c.a(_iobfuncs.o)
                                 0x91 (size before relaxing)
 .comment       0x00000246       0x55 c:/program files (x86)/microchip/xc32/v2.30/bin/bin/../../lib/gcc/pic32mx/4.8.3/../../../../pic32mx/lib\liblega-c.a(_iobstring.o)
                                 0x92 (size before relaxing)
 .comment       0x0000029b       0x50 c:/program files (x86)/microchip/xc32/v2.30/bin/bin/../../lib/gcc/pic32mx/4.8.3/../../../../pic32mx/lib\liblega-c.a(fputc.o)
                                 0x8d (size before relaxing)
 .comment       0x000002eb       0x52 c:/program files (x86)/microchip/xc32/v2.30/bin/bin/../../lib/gcc/pic32mx/4.8.3/../../../../pic32mx/lib\liblega-c.a(_doscan.o)
                                 0x8f (size before relaxing)
 .comment       0x0000033d       0x4e c:/program files (x86)/microchip/xc32/v2.30/bin/bin/../../lib/gcc/pic32mx/4.8.3/../../../../pic32mx/lib\liblega-c.a(stubs.o)
                                 0x8b (size before relaxing)
 .comment       0x0000038b       0x4f c:/program files (x86)/microchip/xc32/v2.30/bin/bin/../../lib/gcc/pic32mx/4.8.3/../../../../pic32mx/lib\liblega-c.a(strchr.o)
                                 0x8c (size before relaxing)
 .comment       0x000003da       0x4f c:/program files (x86)/microchip/xc32/v2.30/bin/bin/../../lib/gcc/pic32mx/4.8.3/../../../../pic32mx/lib\liblega-c.a(memset.o)
                                 0x8c (size before relaxing)
 .comment       0x00000429       0x4e c:/program files (x86)/microchip/xc32/v2.30/bin/bin/../../lib/gcc/pic32mx/4.8.3/../../../../pic32mx/lib\liblega-c.a(ctype.o)
                                 0x8b (size before relaxing)
 .comment       0x00000000       0x3d c:/program files (x86)/microchip/xc32/v2.30/bin/bin/../../lib/gcc/pic32mx/4.8.3/../../../../pic32mx/lib\liblega-c.a(malloc.o)
 .comment       0x00000000       0x3d c:/program files (x86)/microchip/xc32/v2.30/bin/bin/../../lib/gcc/pic32mx/4.8.3/../../../../pic32mx/lib\liblega-c.a(malloc_realloc.o)
 .comment       0x00000477       0x4e c:/program files (x86)/microchip/xc32/v2.30/bin/bin/../../lib/gcc/pic32mx/4.8.3/../../../../pic32mx/lib\liblega-c.a(errno.o)
                                 0x8b (size before relaxing)
 .comment       0x000004c5       0x4f c:/program files (x86)/microchip/xc32/v2.30/bin/bin/../../lib/gcc/pic32mx/4.8.3/../../../../pic32mx/lib\liblega-c.a(strtol.o)
                                 0x8c (size before relaxing)
 .comment       0x00000514       0x50 c:/program files (x86)/microchip/xc32/v2.30/bin/bin/../../lib/gcc/pic32mx/4.8.3/../../../../pic32mx/lib\liblega-c.a(strtoul.o)
                                 0x8d (size before relaxing)
 .comment       0x00000564       0x50 c:/program files (x86)/microchip/xc32/v2.30/bin/bin/../../lib/gcc/pic32mx/4.8.3/../../../../pic32mx/lib\liblega-c.a(strtoll.o)
                                 0x8d (size before relaxing)
 .comment       0x000005b4       0x51 c:/program files (x86)/microchip/xc32/v2.30/bin/bin/../../lib/gcc/pic32mx/4.8.3/../../../../pic32mx/lib\liblega-c.a(strtoull.o)
                                 0x8e (size before relaxing)
 .comment       0x00000605       0x4f c:/program files (x86)/microchip/xc32/v2.30/bin/bin/../../lib/gcc/pic32mx/4.8.3/../../../../pic32mx/lib\liblega-c.a(strtod.o)
                                 0x8c (size before relaxing)
 .comment       0x00000000       0x8c c:/program files (x86)/microchip/xc32/v2.30/bin/bin/../../lib/gcc/pic32mx/4.8.3/../../../../pic32mx/lib\liblega-c.a(strtof.o)
 .comment       0x00000654       0x51 c:/program files (x86)/microchip/xc32/v2.30/bin/bin/../../lib/gcc/pic32mx/4.8.3/../../../../pic32mx/lib\liblega-c.a(fullexit.o)
                                 0x8e (size before relaxing)
 .comment       0x000006a5       0x50 c:/program files (x86)/microchip/xc32/v2.30/bin/bin/../../lib/gcc/pic32mx/4.8.3/../../../../pic32mx/lib\liblega-c.a(fgetc.o)
                                 0x8d (size before relaxing)
 .comment       0x000006f5       0x51 c:/program files (x86)/microchip/xc32/v2.30/bin/bin/../../lib/gcc/pic32mx/4.8.3/../../../../pic32mx/lib\liblega-c.a(ungetc.o)
                                 0x8e (size before relaxing)
 .comment       0x00000746       0x50 c:/program files (x86)/microchip/xc32/v2.30/bin/bin/../../lib/gcc/pic32mx/4.8.3/../../../../pic32mx/lib\liblega-c.a(memmove.o)
                                 0x8d (size before relaxing)
 .comment       0x00000796       0x4f c:/program files (x86)/microchip/xc32/v2.30/bin/bin/../../lib/gcc/pic32mx/4.8.3/../../../../pic32mx/lib\liblega-c.a(memcpy.o)
                                 0x8c (size before relaxing)
 .comment       0x000007e5       0x52 c:/program files (x86)/microchip/xc32/v2.30/bin/bin/../../lib/gcc/pic32mx/4.8.3/../../../../pic32mx/lib\liblega-c.a(_ioinit.o)
                                 0x8f (size before relaxing)
 .comment       0x00000837       0x51 c:/program files (x86)/microchip/xc32/v2.30/bin/bin/../../lib/gcc/pic32mx/4.8.3/../../../../pic32mx/lib\liblega-c.a(_cleanup.o)
                                 0x8e (size before relaxing)
 .comment       0x00000888       0x53 c:/program files (x86)/microchip/xc32/v2.30/bin/bin/../../lib/gcc/pic32mx/4.8.3/../../../../pic32mx/lib\liblega-c.a(_bufproc.o)
                                 0x90 (size before relaxing)
 .comment       0x000008db       0x9d c:/program files (x86)/microchip/xc32/v2.30/bin/bin/../../lib/gcc/pic32mx/4.8.3/../../../../pic32mx/lib\libm.a(__strtod.o)
                                 0xda (size before relaxing)
 .comment       0x00000978       0x4f c:/program files (x86)/microchip/xc32/v2.30/bin/bin/../../lib/gcc/pic32mx/4.8.3/../../../../pic32mx/lib\libm.a(__strtof.o)
                                 0xda (size before relaxing)
 .comment       0x000009c7       0x50 c:/program files (x86)/microchip/xc32/v2.30/bin/bin/../../lib/gcc/pic32mx/4.8.3/../../../../pic32mx/lib\libe.a(_ldexp.o)
                                 0xdb (size before relaxing)
 .comment       0x00000a17       0x50 c:/program files (x86)/microchip/xc32/v2.30/bin/bin/../../lib/gcc/pic32mx/4.8.3/../../../../pic32mx/lib\libe.a(_ldexpf.o)
                                 0xdb (size before relaxing)
 .comment       0x00000000       0x3d c:/program files (x86)/microchip/xc32/v2.30/bin/bin/../../lib/gcc/pic32mx/4.8.3\libgcc.a(_lshrdi3.o)
 .comment       0x00000000       0x3d c:/program files (x86)/microchip/xc32/v2.30/bin/bin/../../lib/gcc/pic32mx/4.8.3\libgcc.a(_ashldi3.o)
 .comment       0x00000000       0x3d c:/program files (x86)/microchip/xc32/v2.30/bin/bin/../../lib/gcc/pic32mx/4.8.3\libgcc.a(_divdi3.o)
 .comment       0x00000000       0x3d c:/program files (x86)/microchip/xc32/v2.30/bin/bin/../../lib/gcc/pic32mx/4.8.3\libgcc.a(_udivdi3.o)
 .comment       0x00000000       0x3d c:/program files (x86)/microchip/xc32/v2.30/bin/bin/../../lib/gcc/pic32mx/4.8.3\libgcc.a(_umoddi3.o)
 .comment       0x00000a67       0x4b c:/program files (x86)/microchip/xc32/v2.30/bin/bin/../../lib/gcc/pic32mx/4.8.3/../../../../pic32mx/lib\libpic32.a(sbrk.o)
                                 0x88 (size before relaxing)
 .comment       0x00000000       0x3d c:/program files (x86)/microchip/xc32/v2.30/bin/bin/../../lib/gcc/pic32mx/4.8.3/../../../../pic32mx/lib\libpic32.a(_exit.o)
 .comment       0x00000ab2       0x4e c:/program files (x86)/microchip/xc32/v2.30/bin/bin/../../lib/gcc/pic32mx/4.8.3/../../../../pic32mx/lib\libpic32.a(isatty.o)
                                 0x8b (size before relaxing)
 .comment       0x00000000       0x3d c:/program files (x86)/microchip/xc32/v2.30/bin/bin/../../lib/gcc/pic32mx/4.8.3/../../../../pic32mx/lib\libpic32.a(_mon_getc.o)
 .comment       0x00000000       0x3d c:/program files (x86)/microchip/xc32/v2.30/bin/bin/../../lib/gcc/pic32mx/4.8.3/../../../../pic32mx/lib\libpic32.a(_mon_write.o)
 .comment       0x00000000       0x3d c:/program files (x86)/microchip/xc32/v2.30/bin/bin/../../lib/gcc/pic32mx/4.8.3/../../../../pic32mx/lib\libpic32.a(xc32_uart.o)
 .comment       0x00000000       0x3d c:/program files (x86)/microchip/xc32/v2.30/bin/bin/../../lib/gcc/pic32mx/4.8.3/../../../../pic32mx/lib\libpic32.a(_mon_putc.o)

.debug
 *(.debug)

.line
 *(.line)

.debug_srcinfo
 *(.debug_srcinfo)

.debug_sfnames
 *(.debug_sfnames)

.debug_aranges  0x00000000      0x800
 *(.debug_aranges)
 .debug_aranges
                0x00000000       0x20 build/default/production/_ext/1472/DisplayEVE.o
 .debug_aranges
                0x00000020       0x20 build/default/production/_ext/1472/DisplayMCU.o
 .debug_aranges
                0x00000040       0x20 build/default/production/_ext/1472/I2CLib.o
 .debug_aranges
                0x00000060       0x20 build/default/production/_ext/1472/main.o
 .debug_aranges
                0x00000080       0x20 build/default/production/_ext/1472/DisplayAPP.o
 .debug_aranges
                0x000000a0       0x20 build/default/production/_ext/1472/DisplayAPI.o
 .debug_aranges
                0x000000c0       0x20 build/default/production/_ext/1472/potentiometer.o
 .debug_aranges
                0x000000e0       0x20 build/default/production/_ext/1472/motors.o
 .debug_aranges
                0x00000100       0x20 build/default/production/_ext/1472/accelerometer.o
 .debug_aranges
                0x00000120       0x20 build/default/production/_ext/1472/temp_humidity.o
 .debug_aranges
                0x00000140       0x20 build/default/production/_ext/1472/GPS.o
 .debug_aranges
                0x00000160       0x20 build/default/production/_ext/1472/hardware.o
 .debug_aranges
                0x00000180       0x20 build/default/production/_ext/1472/screen.o
 .debug_aranges
                0x000001a0       0x28 c:/program files (x86)/microchip/xc32/v2.30/bin/bin/../../lib/gcc/pic32mx/4.8.3/../../../../pic32mx/lib\libmchp_peripheral_32MX795F512L.a(pcache.o)
 .debug_aranges
                0x000001c8       0x20 c:/program files (x86)/microchip/xc32/v2.30/bin/bin/../../lib/gcc/pic32mx/4.8.3/../../../../pic32mx/lib\libmchp_peripheral_32MX795F512L.a(int_disable_interrupts_lib.o)
 .debug_aranges
                0x000001e8       0x20 c:/program files (x86)/microchip/xc32/v2.30/bin/bin/../../lib/gcc/pic32mx/4.8.3/../../../../pic32mx/lib\libmchp_peripheral_32MX795F512L.a(int_restore_interrupts_lib.o)
 .debug_aranges
                0x00000208       0x20 c:/program files (x86)/microchip/xc32/v2.30/bin/bin/../../lib/gcc/pic32mx/4.8.3/../../../../pic32mx/lib\libmchp_peripheral_32MX795F512L.a(int_enable_mv_int_lib.o)
 .debug_aranges
                0x00000228       0x60 c:/program files (x86)/microchip/xc32/v2.30/bin/bin/../../lib/gcc/pic32mx/4.8.3/../../../../pic32mx/lib\libmchp_peripheral_32MX795F512L.a(int_tbl_lib.o)
 .debug_aranges
                0x00000288       0x20 c:/program files (x86)/microchip/xc32/v2.30/bin/bin/../../lib/gcc/pic32mx/4.8.3/../../../../pic32mx/lib\libmchp_peripheral_32MX795F512L.a(dma_chn_set_ev_enable_flags_lib.o)
 .debug_aranges
                0x000002a8       0x20 c:/program files (x86)/microchip/xc32/v2.30/bin/bin/../../lib/gcc/pic32mx/4.8.3/../../../../pic32mx/lib\libmchp_peripheral_32MX795F512L.a(dma_chn_open_lib.o)
 .debug_aranges
                0x000002c8       0x20 c:/program files (x86)/microchip/xc32/v2.30/bin/bin/../../lib/gcc/pic32mx/4.8.3/../../../../pic32mx/lib\libmchp_peripheral_32MX795F512L.a(dma_chn_enable_lib.o)
 .debug_aranges
                0x000002e8       0x20 c:/program files (x86)/microchip/xc32/v2.30/bin/bin/../../lib/gcc/pic32mx/4.8.3/../../../../pic32mx/lib\libmchp_peripheral_32MX795F512L.a(dma_chn_get_ev_flags_lib.o)
 .debug_aranges
                0x00000308       0x20 c:/program files (x86)/microchip/xc32/v2.30/bin/bin/../../lib/gcc/pic32mx/4.8.3/../../../../pic32mx/lib\libmchp_peripheral_32MX795F512L.a(dma_chn_write_event_control_flags_lib.o)
 .debug_aranges
                0x00000328       0x20 c:/program files (x86)/microchip/xc32/v2.30/bin/bin/../../lib/gcc/pic32mx/4.8.3/../../../../pic32mx/lib\libmchp_peripheral_32MX795F512L.a(dma_chn_set_match_pattern_lib.o)
 .debug_aranges
                0x00000348       0x20 c:/program files (x86)/microchip/xc32/v2.30/bin/bin/../../lib/gcc/pic32mx/4.8.3/../../../../pic32mx/lib\libmchp_peripheral_32MX795F512L.a(dma_chn_set_txfer_lib.o)
 .debug_aranges
                0x00000368       0x20 c:/program files (x86)/microchip/xc32/v2.30/bin/bin/../../lib/gcc/pic32mx/4.8.3/../../../../pic32mx/lib\libmchp_peripheral_32MX795F512L.a(port_set_pins_digital_in_lib.o)
 .debug_aranges
                0x00000388       0x20 c:/program files (x86)/microchip/xc32/v2.30/bin/bin/../../lib/gcc/pic32mx/4.8.3/../../../../pic32mx/lib\libmchp_peripheral_32MX795F512L.a(port_set_pins_digital_out_lib.o)
 .debug_aranges
                0x000003a8       0x20 c:/program files (x86)/microchip/xc32/v2.30/bin/bin/../../lib/gcc/pic32mx/4.8.3/../../../../pic32mx/lib\libmchp_peripheral_32MX795F512L.a(port_read_bits_lib.o)
 .debug_aranges
                0x000003c8       0x20 c:/program files (x86)/microchip/xc32/v2.30/bin/bin/../../lib/gcc/pic32mx/4.8.3/../../../../pic32mx/lib\libmchp_peripheral_32MX795F512L.a(port_clear_bits_lib.o)
 .debug_aranges
                0x000003e8       0x20 c:/program files (x86)/microchip/xc32/v2.30/bin/bin/../../lib/gcc/pic32mx/4.8.3/../../../../pic32mx/lib\libmchp_peripheral_32MX795F512L.a(port_toggle_bits_lib.o)
 .debug_aranges
                0x00000408       0x58 c:/program files (x86)/microchip/xc32/v2.30/bin/bin/../../lib/gcc/pic32mx/4.8.3/../../../../pic32mx/lib\libmchp_peripheral_32MX795F512L.a(uart_lib.o)
 .debug_aranges
                0x00000460       0x20 c:/program files (x86)/microchip/xc32/v2.30/bin/bin/../../lib/gcc/pic32mx/4.8.3/../../../../pic32mx/lib\libmchp_peripheral_32MX795F512L.a(idle_i2c1_lib_legacy.o)
 .debug_aranges
                0x00000480       0x20 c:/program files (x86)/microchip/xc32/v2.30/bin/bin/../../lib/gcc/pic32mx/4.8.3/../../../../pic32mx/lib\libmchp_peripheral_32MX795F512L.a(master_read_i2c1_lib_legacy.o)
 .debug_aranges
                0x000004a0       0x20 c:/program files (x86)/microchip/xc32/v2.30/bin/bin/../../lib/gcc/pic32mx/4.8.3/../../../../pic32mx/lib\libmchp_peripheral_32MX795F512L.a(master_write_i2c1_lib_legacy.o)
 .debug_aranges
                0x000004c0       0x20 c:/program files (x86)/microchip/xc32/v2.30/bin/bin/../../lib/gcc/pic32mx/4.8.3/../../../../pic32mx/lib\libmchp_peripheral_32MX795F512L.a(I2CConfigure.o)
 .debug_aranges
                0x000004e0       0x20 c:/program files (x86)/microchip/xc32/v2.30/bin/bin/../../lib/gcc/pic32mx/4.8.3/../../../../pic32mx/lib\libmchp_peripheral_32MX795F512L.a(I2CEnable.o)
 .debug_aranges
                0x00000500       0x20 c:/program files (x86)/microchip/xc32/v2.30/bin/bin/../../lib/gcc/pic32mx/4.8.3/../../../../pic32mx/lib\libmchp_peripheral_32MX795F512L.a(I2CSetFrequency.o)
 .debug_aranges
                0x00000520       0x20 c:/program files (x86)/microchip/xc32/v2.30/bin/bin/../../lib/gcc/pic32mx/4.8.3/../../../../pic32mx/lib\libmchp_peripheral_32MX795F512L.a(int_enable_interrupts_lib.o)
 .debug_aranges
                0x00000540       0x20 c:/program files (x86)/microchip/xc32/v2.30/bin/bin/../../lib/gcc/pic32mx/4.8.3\libgcc.a(floatunsisf.o)
 .debug_aranges
                0x00000560       0x20 c:/program files (x86)/microchip/xc32/v2.30/bin/bin/../../lib/gcc/pic32mx/4.8.3/../../../../pic32mx/lib\libpic32.a(default-bootstrap-exception-handler.o)
 .debug_aranges
                0x00000580       0x20 c:/program files (x86)/microchip/xc32/v2.30/bin/bin/../../lib/gcc/pic32mx/4.8.3/../../../../pic32mx/lib\libpic32.a(default-on-reset.o)
 .debug_aranges
                0x000005a0       0x20 c:/program files (x86)/microchip/xc32/v2.30/bin/bin/../../lib/gcc/pic32mx/4.8.3/../../../../pic32mx/lib\libpic32.a(default-on-bootstrap.o)
 .debug_aranges
                0x000005c0       0x20 c:/program files (x86)/microchip/xc32/v2.30/bin/bin/../../lib/gcc/pic32mx/4.8.3/../../../../pic32mx/lib\libpic32.a(default-general-exception-handler.o)
 .debug_aranges
                0x000005e0       0x20 c:/program files (x86)/microchip/xc32/v2.30/bin/bin/../../lib/gcc/pic32mx/4.8.3/../../../../pic32mx/lib\libpic32.a(defaultinterrupt.o)
 .debug_aranges
                0x00000600       0x20 c:/program files (x86)/microchip/xc32/v2.30/bin/bin/../../lib/gcc/pic32mx/4.8.3/../../../../pic32mx/lib\libm.a(__strtod.o)
 .debug_aranges
                0x00000620       0x20 c:/program files (x86)/microchip/xc32/v2.30/bin/bin/../../lib/gcc/pic32mx/4.8.3/../../../../pic32mx/lib\libm.a(__strtof.o)
 .debug_aranges
                0x00000640       0x20 c:/program files (x86)/microchip/xc32/v2.30/bin/bin/../../lib/gcc/pic32mx/4.8.3/../../../../pic32mx/lib\libe.a(_ldexp.o)
 .debug_aranges
                0x00000660       0x20 c:/program files (x86)/microchip/xc32/v2.30/bin/bin/../../lib/gcc/pic32mx/4.8.3/../../../../pic32mx/lib\libe.a(_ldexpf.o)
 .debug_aranges
                0x00000680       0x20 c:/program files (x86)/microchip/xc32/v2.30/bin/bin/../../lib/gcc/pic32mx/4.8.3\libgcc.a(_lshrdi3.o)
 .debug_aranges
                0x000006a0       0x20 c:/program files (x86)/microchip/xc32/v2.30/bin/bin/../../lib/gcc/pic32mx/4.8.3\libgcc.a(_ashldi3.o)
 .debug_aranges
                0x000006c0       0x20 c:/program files (x86)/microchip/xc32/v2.30/bin/bin/../../lib/gcc/pic32mx/4.8.3\libgcc.a(_divdi3.o)
 .debug_aranges
                0x000006e0       0x20 c:/program files (x86)/microchip/xc32/v2.30/bin/bin/../../lib/gcc/pic32mx/4.8.3\libgcc.a(_udivdi3.o)
 .debug_aranges
                0x00000700       0x20 c:/program files (x86)/microchip/xc32/v2.30/bin/bin/../../lib/gcc/pic32mx/4.8.3\libgcc.a(_umoddi3.o)
 .debug_aranges
                0x00000720       0x40 c:/program files (x86)/microchip/xc32/v2.30/bin/bin/../../lib/gcc/pic32mx/4.8.3/../../../../pic32mx/lib\libpic32.a(sbrk.o)
 .debug_aranges
                0x00000760       0x20 c:/program files (x86)/microchip/xc32/v2.30/bin/bin/../../lib/gcc/pic32mx/4.8.3/../../../../pic32mx/lib\libpic32.a(_exit.o)
 .debug_aranges
                0x00000780       0x20 c:/program files (x86)/microchip/xc32/v2.30/bin/bin/../../lib/gcc/pic32mx/4.8.3/../../../../pic32mx/lib\libpic32.a(isatty.o)
 .debug_aranges
                0x000007a0       0x20 c:/program files (x86)/microchip/xc32/v2.30/bin/bin/../../lib/gcc/pic32mx/4.8.3/../../../../pic32mx/lib\libpic32.a(_mon_getc.o)
 .debug_aranges
                0x000007c0       0x20 c:/program files (x86)/microchip/xc32/v2.30/bin/bin/../../lib/gcc/pic32mx/4.8.3/../../../../pic32mx/lib\libpic32.a(_mon_write.o)
 .debug_aranges
                0x000007e0       0x20 c:/program files (x86)/microchip/xc32/v2.30/bin/bin/../../lib/gcc/pic32mx/4.8.3/../../../../pic32mx/lib\libpic32.a(_mon_putc.o)

.debug_pubnames
 *(.debug_pubnames)

.debug_info     0x00000000    0x14705
 *(.debug_info .gnu.linkonce.wi.*)
 .debug_info    0x00000000      0x713 build/default/production/_ext/1472/DisplayEVE.o
 .debug_info    0x00000713     0x1ab0 build/default/production/_ext/1472/DisplayMCU.o
 .debug_info    0x000021c3     0x15a5 build/default/production/_ext/1472/I2CLib.o
 .debug_info    0x00003768     0x1369 build/default/production/_ext/1472/main.o
 .debug_info    0x00004ad1      0x3f6 build/default/production/_ext/1472/DisplayAPP.o
 .debug_info    0x00004ec7     0x2307 build/default/production/_ext/1472/DisplayAPI.o
 .debug_info    0x000071ce     0x1a5e build/default/production/_ext/1472/potentiometer.o
 .debug_info    0x00008c2c     0x131e build/default/production/_ext/1472/motors.o
 .debug_info    0x00009f4a     0x138e build/default/production/_ext/1472/accelerometer.o
 .debug_info    0x0000b2d8     0x1150 build/default/production/_ext/1472/temp_humidity.o
 .debug_info    0x0000c428     0x11c2 build/default/production/_ext/1472/GPS.o
 .debug_info    0x0000d5ea     0x1195 build/default/production/_ext/1472/hardware.o
 .debug_info    0x0000e77f     0x2234 build/default/production/_ext/1472/screen.o
 .debug_info    0x000109b3       0xbe c:/program files (x86)/microchip/xc32/v2.30/bin/bin/../../lib/gcc/pic32mx/4.8.3/../../../../pic32mx/lib\libmchp_peripheral_32MX795F512L.a(pcache.o)
 .debug_info    0x00010a71       0xb4 c:/program files (x86)/microchip/xc32/v2.30/bin/bin/../../lib/gcc/pic32mx/4.8.3/../../../../pic32mx/lib\libmchp_peripheral_32MX795F512L.a(int_disable_interrupts_lib.o)
 .debug_info    0x00010b25       0xb4 c:/program files (x86)/microchip/xc32/v2.30/bin/bin/../../lib/gcc/pic32mx/4.8.3/../../../../pic32mx/lib\libmchp_peripheral_32MX795F512L.a(int_restore_interrupts_lib.o)
 .debug_info    0x00010bd9       0xba c:/program files (x86)/microchip/xc32/v2.30/bin/bin/../../lib/gcc/pic32mx/4.8.3/../../../../pic32mx/lib\libmchp_peripheral_32MX795F512L.a(int_enable_mv_int_lib.o)
 .debug_info    0x00010c93      0x19c c:/program files (x86)/microchip/xc32/v2.30/bin/bin/../../lib/gcc/pic32mx/4.8.3/../../../../pic32mx/lib\libmchp_peripheral_32MX795F512L.a(int_tbl_lib.o)
 .debug_info    0x00010e2f       0xbb c:/program files (x86)/microchip/xc32/v2.30/bin/bin/../../lib/gcc/pic32mx/4.8.3/../../../../pic32mx/lib\libmchp_peripheral_32MX795F512L.a(dma_chn_set_ev_enable_flags_lib.o)
 .debug_info    0x00010eea       0xb3 c:/program files (x86)/microchip/xc32/v2.30/bin/bin/../../lib/gcc/pic32mx/4.8.3/../../../../pic32mx/lib\libmchp_peripheral_32MX795F512L.a(dma_chn_open_lib.o)
 .debug_info    0x00010f9d       0xa4 c:/program files (x86)/microchip/xc32/v2.30/bin/bin/../../lib/gcc/pic32mx/4.8.3/../../../../pic32mx/lib\libmchp_peripheral_32MX795F512L.a(dma_chn_enable_lib.o)
 .debug_info    0x00011041       0xae c:/program files (x86)/microchip/xc32/v2.30/bin/bin/../../lib/gcc/pic32mx/4.8.3/../../../../pic32mx/lib\libmchp_peripheral_32MX795F512L.a(dma_chn_get_ev_flags_lib.o)
 .debug_info    0x000110ef       0xc7 c:/program files (x86)/microchip/xc32/v2.30/bin/bin/../../lib/gcc/pic32mx/4.8.3/../../../../pic32mx/lib\libmchp_peripheral_32MX795F512L.a(dma_chn_write_event_control_flags_lib.o)
 .debug_info    0x000111b6       0xb8 c:/program files (x86)/microchip/xc32/v2.30/bin/bin/../../lib/gcc/pic32mx/4.8.3/../../../../pic32mx/lib\libmchp_peripheral_32MX795F512L.a(dma_chn_set_match_pattern_lib.o)
 .debug_info    0x0001126e       0xba c:/program files (x86)/microchip/xc32/v2.30/bin/bin/../../lib/gcc/pic32mx/4.8.3/../../../../pic32mx/lib\libmchp_peripheral_32MX795F512L.a(dma_chn_set_txfer_lib.o)
 .debug_info    0x00011328       0xb8 c:/program files (x86)/microchip/xc32/v2.30/bin/bin/../../lib/gcc/pic32mx/4.8.3/../../../../pic32mx/lib\libmchp_peripheral_32MX795F512L.a(port_set_pins_digital_in_lib.o)
 .debug_info    0x000113e0       0xba c:/program files (x86)/microchip/xc32/v2.30/bin/bin/../../lib/gcc/pic32mx/4.8.3/../../../../pic32mx/lib\libmchp_peripheral_32MX795F512L.a(port_set_pins_digital_out_lib.o)
 .debug_info    0x0001149a       0xa6 c:/program files (x86)/microchip/xc32/v2.30/bin/bin/../../lib/gcc/pic32mx/4.8.3/../../../../pic32mx/lib\libmchp_peripheral_32MX795F512L.a(port_read_bits_lib.o)
 .debug_info    0x00011540       0xa8 c:/program files (x86)/microchip/xc32/v2.30/bin/bin/../../lib/gcc/pic32mx/4.8.3/../../../../pic32mx/lib\libmchp_peripheral_32MX795F512L.a(port_clear_bits_lib.o)
 .debug_info    0x000115e8       0xaa c:/program files (x86)/microchip/xc32/v2.30/bin/bin/../../lib/gcc/pic32mx/4.8.3/../../../../pic32mx/lib\libmchp_peripheral_32MX795F512L.a(port_toggle_bits_lib.o)
 .debug_info    0x00011692      0x17a c:/program files (x86)/microchip/xc32/v2.30/bin/bin/../../lib/gcc/pic32mx/4.8.3/../../../../pic32mx/lib\libmchp_peripheral_32MX795F512L.a(uart_lib.o)
 .debug_info    0x0001180c       0xa2 c:/program files (x86)/microchip/xc32/v2.30/bin/bin/../../lib/gcc/pic32mx/4.8.3/../../../../pic32mx/lib\libmchp_peripheral_32MX795F512L.a(idle_i2c1_lib_legacy.o)
 .debug_info    0x000118ae       0xaf c:/program files (x86)/microchip/xc32/v2.30/bin/bin/../../lib/gcc/pic32mx/4.8.3/../../../../pic32mx/lib\libmchp_peripheral_32MX795F512L.a(master_read_i2c1_lib_legacy.o)
 .debug_info    0x0001195d       0xb1 c:/program files (x86)/microchip/xc32/v2.30/bin/bin/../../lib/gcc/pic32mx/4.8.3/../../../../pic32mx/lib\libmchp_peripheral_32MX795F512L.a(master_write_i2c1_lib_legacy.o)
 .debug_info    0x00011a0e       0x9e c:/program files (x86)/microchip/xc32/v2.30/bin/bin/../../lib/gcc/pic32mx/4.8.3/../../../../pic32mx/lib\libmchp_peripheral_32MX795F512L.a(I2CConfigure.o)
 .debug_info    0x00011aac       0x98 c:/program files (x86)/microchip/xc32/v2.30/bin/bin/../../lib/gcc/pic32mx/4.8.3/../../../../pic32mx/lib\libmchp_peripheral_32MX795F512L.a(I2CEnable.o)
 .debug_info    0x00011b44       0xa4 c:/program files (x86)/microchip/xc32/v2.30/bin/bin/../../lib/gcc/pic32mx/4.8.3/../../../../pic32mx/lib\libmchp_peripheral_32MX795F512L.a(I2CSetFrequency.o)
 .debug_info    0x00011be8       0xb2 c:/program files (x86)/microchip/xc32/v2.30/bin/bin/../../lib/gcc/pic32mx/4.8.3/../../../../pic32mx/lib\libmchp_peripheral_32MX795F512L.a(int_enable_interrupts_lib.o)
 .debug_info    0x00011c9a      0x129 c:/program files (x86)/microchip/xc32/v2.30/bin/bin/../../lib/gcc/pic32mx/4.8.3\libgcc.a(floatunsisf.o)
 .debug_info    0x00011dc3       0xf4 c:/program files (x86)/microchip/xc32/v2.30/bin/bin/../../lib/gcc/pic32mx/4.8.3/../../../../pic32mx/lib\libpic32.a(default-bootstrap-exception-handler.o)
 .debug_info    0x00011eb7       0xcd c:/program files (x86)/microchip/xc32/v2.30/bin/bin/../../lib/gcc/pic32mx/4.8.3/../../../../pic32mx/lib\libpic32.a(default-on-reset.o)
 .debug_info    0x00011f84       0xd5 c:/program files (x86)/microchip/xc32/v2.30/bin/bin/../../lib/gcc/pic32mx/4.8.3/../../../../pic32mx/lib\libpic32.a(default-on-bootstrap.o)
 .debug_info    0x00012059       0xf0 c:/program files (x86)/microchip/xc32/v2.30/bin/bin/../../lib/gcc/pic32mx/4.8.3/../../../../pic32mx/lib\libpic32.a(default-general-exception-handler.o)
 .debug_info    0x00012149       0xe7 c:/program files (x86)/microchip/xc32/v2.30/bin/bin/../../lib/gcc/pic32mx/4.8.3/../../../../pic32mx/lib\libpic32.a(defaultinterrupt.o)
 .debug_info    0x00012230       0xd8 c:/program files (x86)/microchip/xc32/v2.30/bin/bin/../../lib/gcc/pic32mx/4.8.3/../../../../pic32mx/lib\libm.a(__strtod.o)
 .debug_info    0x00012308       0xd8 c:/program files (x86)/microchip/xc32/v2.30/bin/bin/../../lib/gcc/pic32mx/4.8.3/../../../../pic32mx/lib\libm.a(__strtof.o)
 .debug_info    0x000123e0       0xd9 c:/program files (x86)/microchip/xc32/v2.30/bin/bin/../../lib/gcc/pic32mx/4.8.3/../../../../pic32mx/lib\libe.a(_ldexp.o)
 .debug_info    0x000124b9       0xd9 c:/program files (x86)/microchip/xc32/v2.30/bin/bin/../../lib/gcc/pic32mx/4.8.3/../../../../pic32mx/lib\libe.a(_ldexpf.o)
 .debug_info    0x00012592      0x30c c:/program files (x86)/microchip/xc32/v2.30/bin/bin/../../lib/gcc/pic32mx/4.8.3\libgcc.a(_lshrdi3.o)
 .debug_info    0x0001289e      0x30f c:/program files (x86)/microchip/xc32/v2.30/bin/bin/../../lib/gcc/pic32mx/4.8.3\libgcc.a(_ashldi3.o)
 .debug_info    0x00012bad      0x77f c:/program files (x86)/microchip/xc32/v2.30/bin/bin/../../lib/gcc/pic32mx/4.8.3\libgcc.a(_divdi3.o)
 .debug_info    0x0001332c      0x74b c:/program files (x86)/microchip/xc32/v2.30/bin/bin/../../lib/gcc/pic32mx/4.8.3\libgcc.a(_udivdi3.o)
 .debug_info    0x00013a77      0x788 c:/program files (x86)/microchip/xc32/v2.30/bin/bin/../../lib/gcc/pic32mx/4.8.3\libgcc.a(_umoddi3.o)
 .debug_info    0x000141ff      0x131 c:/program files (x86)/microchip/xc32/v2.30/bin/bin/../../lib/gcc/pic32mx/4.8.3/../../../../pic32mx/lib\libpic32.a(sbrk.o)
 .debug_info    0x00014330       0xbe c:/program files (x86)/microchip/xc32/v2.30/bin/bin/../../lib/gcc/pic32mx/4.8.3/../../../../pic32mx/lib\libpic32.a(_exit.o)
 .debug_info    0x000143ee       0xc0 c:/program files (x86)/microchip/xc32/v2.30/bin/bin/../../lib/gcc/pic32mx/4.8.3/../../../../pic32mx/lib\libpic32.a(isatty.o)
 .debug_info    0x000144ae       0xc7 c:/program files (x86)/microchip/xc32/v2.30/bin/bin/../../lib/gcc/pic32mx/4.8.3/../../../../pic32mx/lib\libpic32.a(_mon_getc.o)
 .debug_info    0x00014575       0xc9 c:/program files (x86)/microchip/xc32/v2.30/bin/bin/../../lib/gcc/pic32mx/4.8.3/../../../../pic32mx/lib\libpic32.a(_mon_write.o)
 .debug_info    0x0001463e       0xc7 c:/program files (x86)/microchip/xc32/v2.30/bin/bin/../../lib/gcc/pic32mx/4.8.3/../../../../pic32mx/lib\libpic32.a(_mon_putc.o)

.debug_abbrev   0x00000000     0x2236
 *(.debug_abbrev)
 .debug_abbrev  0x00000000      0x11d build/default/production/_ext/1472/DisplayEVE.o
 .debug_abbrev  0x0000011d      0x1dd build/default/production/_ext/1472/DisplayMCU.o
 .debug_abbrev  0x000002fa      0x195 build/default/production/_ext/1472/I2CLib.o
 .debug_abbrev  0x0000048f      0x272 build/default/production/_ext/1472/main.o
 .debug_abbrev  0x00000701       0x99 build/default/production/_ext/1472/DisplayAPP.o
 .debug_abbrev  0x0000079a      0x136 build/default/production/_ext/1472/DisplayAPI.o
 .debug_abbrev  0x000008d0      0x1d4 build/default/production/_ext/1472/potentiometer.o
 .debug_abbrev  0x00000aa4      0x1e8 build/default/production/_ext/1472/motors.o
 .debug_abbrev  0x00000c8c      0x1b1 build/default/production/_ext/1472/accelerometer.o
 .debug_abbrev  0x00000e3d      0x197 build/default/production/_ext/1472/temp_humidity.o
 .debug_abbrev  0x00000fd4      0x1ba build/default/production/_ext/1472/GPS.o
 .debug_abbrev  0x0000118e      0x19c build/default/production/_ext/1472/hardware.o
 .debug_abbrev  0x0000132a      0x27a build/default/production/_ext/1472/screen.o
 .debug_abbrev  0x000015a4       0x28 c:/program files (x86)/microchip/xc32/v2.30/bin/bin/../../lib/gcc/pic32mx/4.8.3/../../../../pic32mx/lib\libmchp_peripheral_32MX795F512L.a(pcache.o)
 .debug_abbrev  0x000015cc       0x28 c:/program files (x86)/microchip/xc32/v2.30/bin/bin/../../lib/gcc/pic32mx/4.8.3/../../../../pic32mx/lib\libmchp_peripheral_32MX795F512L.a(int_disable_interrupts_lib.o)
 .debug_abbrev  0x000015f4       0x28 c:/program files (x86)/microchip/xc32/v2.30/bin/bin/../../lib/gcc/pic32mx/4.8.3/../../../../pic32mx/lib\libmchp_peripheral_32MX795F512L.a(int_restore_interrupts_lib.o)
 .debug_abbrev  0x0000161c       0x28 c:/program files (x86)/microchip/xc32/v2.30/bin/bin/../../lib/gcc/pic32mx/4.8.3/../../../../pic32mx/lib\libmchp_peripheral_32MX795F512L.a(int_enable_mv_int_lib.o)
 .debug_abbrev  0x00001644       0x28 c:/program files (x86)/microchip/xc32/v2.30/bin/bin/../../lib/gcc/pic32mx/4.8.3/../../../../pic32mx/lib\libmchp_peripheral_32MX795F512L.a(int_tbl_lib.o)
 .debug_abbrev  0x0000166c       0x28 c:/program files (x86)/microchip/xc32/v2.30/bin/bin/../../lib/gcc/pic32mx/4.8.3/../../../../pic32mx/lib\libmchp_peripheral_32MX795F512L.a(dma_chn_set_ev_enable_flags_lib.o)